Archive member included because of file (symbol)

C:\Users\Danijel\Documents\LPCXpresso_4.2.3_292\workspace\CMSISv2p00_LPC13xx\Release\libCMSISv2p00_LPC13xx.a(system_LPC13xx.o)
                              ./src/cr_startup_lpc13.o (SystemInit)
C:\Users\Danijel\Documents\LPCXpresso_4.2.3_292\workspace\Lib_MCU\Debug\libLib_MCU.a(gpio.o)
                              ./src/main.o (GPIOInit)
C:\Users\Danijel\Documents\LPCXpresso_4.2.3_292\workspace\Lib_MCU\Debug\libLib_MCU.a(i2c.o)
                              ./src/main.o (I2CInit)
C:\Users\Danijel\Documents\LPCXpresso_4.2.3_292\workspace\Lib_MCU\Debug\libLib_MCU.a(ssp.o)
                              ./src/main.o (SSPInit)
C:\Users\Danijel\Documents\LPCXpresso_4.2.3_292\workspace\Lib_MCU\Debug\libLib_MCU.a(timer32.o)
                              ./src/main.o (delay32Ms)
C:\Users\Danijel\Documents\LPCXpresso_4.2.3_292\workspace\Lib_EaBaseBoard\Debug\libLib_EaBaseBoard.a(acc.o)
                              ./src/main.o (acc_init)
C:\Users\Danijel\Documents\LPCXpresso_4.2.3_292\workspace\Lib_EaBaseBoard\Debug\libLib_EaBaseBoard.a(oled.o)
                              ./src/main.o (oled_putPixel)
C:\Users\Danijel\Documents\LPCXpresso_4.2.3_292\workspace\Lib_EaBaseBoard\Debug\libLib_EaBaseBoard.a(font5x7.o)
                              C:\Users\Danijel\Documents\LPCXpresso_4.2.3_292\workspace\Lib_EaBaseBoard\Debug\libLib_EaBaseBoard.a(oled.o) (font5x7)
c:/nxp/lpcxpresso_4.2.3_292/lpcxpresso/tools/bin/../lib/gcc/arm-none-eabi/4.5.1/../../../../arm-none-eabi/lib/thumb2\libcr_c.a(__weak__main.o)
                              ./src/cr_startup_lpc13.o (__main)
c:/nxp/lpcxpresso_4.2.3_292/lpcxpresso/tools/bin/../lib/gcc/arm-none-eabi/4.5.1/../../../../arm-none-eabi/lib/thumb2\libcr_c.a(stdlib.o)
                              ./src/main.o (rand)
c:/nxp/lpcxpresso_4.2.3_292/lpcxpresso/tools/bin/../lib/gcc/arm-none-eabi/4.5.1/../../../../arm-none-eabi/lib/thumb2\libcr_c.a(memset.o)
                              C:\Users\Danijel\Documents\LPCXpresso_4.2.3_292\workspace\Lib_EaBaseBoard\Debug\libLib_EaBaseBoard.a(oled.o) (memset)
c:/nxp/lpcxpresso_4.2.3_292/lpcxpresso/tools/bin/../lib/gcc/arm-none-eabi/4.5.1/../../../../arm-none-eabi/lib/thumb2\libcr_c.a(initio.o)
                              c:/nxp/lpcxpresso_4.2.3_292/lpcxpresso/tools/bin/../lib/gcc/arm-none-eabi/4.5.1/../../../../arm-none-eabi/lib/thumb2\libcr_c.a(stdlib.o) (_terminateio)
c:/nxp/lpcxpresso_4.2.3_292/lpcxpresso/tools/bin/../lib/gcc/arm-none-eabi/4.5.1/../../../../arm-none-eabi/lib/thumb2\libcr_c.a(raise.o)
                              c:/nxp/lpcxpresso_4.2.3_292/lpcxpresso/tools/bin/../lib/gcc/arm-none-eabi/4.5.1/../../../../arm-none-eabi/lib/thumb2\libcr_c.a(stdlib.o) (raise)
c:/nxp/lpcxpresso_4.2.3_292/lpcxpresso/tools/bin/../lib/gcc/arm-none-eabi/4.5.1/../../../../arm-none-eabi/lib/thumb2\libcr_c.a(setvbuf.o)
                              c:/nxp/lpcxpresso_4.2.3_292/lpcxpresso/tools/bin/../lib/gcc/arm-none-eabi/4.5.1/../../../../arm-none-eabi/lib/thumb2\libcr_c.a(initio.o) (setvbuf)
c:/nxp/lpcxpresso_4.2.3_292/lpcxpresso/tools/bin/../lib/gcc/arm-none-eabi/4.5.1/../../../../arm-none-eabi/lib/thumb2\libcr_c.a(stdio.o)
                              c:/nxp/lpcxpresso_4.2.3_292/lpcxpresso/tools/bin/../lib/gcc/arm-none-eabi/4.5.1/../../../../arm-none-eabi/lib/thumb2\libcr_c.a(initio.o) (__Ciob)
c:/nxp/lpcxpresso_4.2.3_292/lpcxpresso/tools/bin/../lib/gcc/arm-none-eabi/4.5.1/../../../../arm-none-eabi/lib/thumb2\libcr_c.a(__fillbuf.o)
                              c:/nxp/lpcxpresso_4.2.3_292/lpcxpresso/tools/bin/../lib/gcc/arm-none-eabi/4.5.1/../../../../arm-none-eabi/lib/thumb2\libcr_c.a(stdio.o) (__filbuf)
c:/nxp/lpcxpresso_4.2.3_292/lpcxpresso/tools/bin/../lib/gcc/arm-none-eabi/4.5.1/../../../../arm-none-eabi/lib/thumb2\libcr_c.a(_deferredlazyseek.o)
                              c:/nxp/lpcxpresso_4.2.3_292/lpcxpresso/tools/bin/../lib/gcc/arm-none-eabi/4.5.1/../../../../arm-none-eabi/lib/thumb2\libcr_c.a(__fillbuf.o) (_deferredlazyseek)
c:/nxp/lpcxpresso_4.2.3_292/lpcxpresso/tools/bin/../lib/gcc/arm-none-eabi/4.5.1/../../../../arm-none-eabi/lib/thumb2\libcr_c.a(_fdopen.o)
                              c:/nxp/lpcxpresso_4.2.3_292/lpcxpresso/tools/bin/../lib/gcc/arm-none-eabi/4.5.1/../../../../arm-none-eabi/lib/thumb2\libcr_c.a(initio.o) (_fdopen)
c:/nxp/lpcxpresso_4.2.3_292/lpcxpresso/tools/bin/../lib/gcc/arm-none-eabi/4.5.1/../../../../arm-none-eabi/lib/thumb2\libcr_c.a(_fflush.o)
                              c:/nxp/lpcxpresso_4.2.3_292/lpcxpresso/tools/bin/../lib/gcc/arm-none-eabi/4.5.1/../../../../arm-none-eabi/lib/thumb2\libcr_c.a(__fillbuf.o) (_fflush)
c:/nxp/lpcxpresso_4.2.3_292/lpcxpresso/tools/bin/../lib/gcc/arm-none-eabi/4.5.1/../../../../arm-none-eabi/lib/thumb2\libcr_c.a(_writebuf.o)
                              c:/nxp/lpcxpresso_4.2.3_292/lpcxpresso/tools/bin/../lib/gcc/arm-none-eabi/4.5.1/../../../../arm-none-eabi/lib/thumb2\libcr_c.a(_deferredlazyseek.o) (_Cwritebuf)
c:/nxp/lpcxpresso_4.2.3_292/lpcxpresso/tools/bin/../lib/gcc/arm-none-eabi/4.5.1/../../../../arm-none-eabi/lib/thumb2\libcr_c.a(alloc.o)
                              c:/nxp/lpcxpresso_4.2.3_292/lpcxpresso/tools/bin/../lib/gcc/arm-none-eabi/4.5.1/../../../../arm-none-eabi/lib/thumb2\libcr_c.a(initio.o) (_Csys_alloc)
c:/nxp/lpcxpresso_4.2.3_292/lpcxpresso/tools/bin/../lib/gcc/arm-none-eabi/4.5.1/../../../../arm-none-eabi/lib/thumb2\libcr_c.a(fclose.o)
                              c:/nxp/lpcxpresso_4.2.3_292/lpcxpresso/tools/bin/../lib/gcc/arm-none-eabi/4.5.1/../../../../arm-none-eabi/lib/thumb2\libcr_c.a(initio.o) (fclose)
c:/nxp/lpcxpresso_4.2.3_292/lpcxpresso/tools/bin/../lib/gcc/arm-none-eabi/4.5.1/../../../../arm-none-eabi/lib/thumb2\libcr_c.a(fflush.o)
                              c:/nxp/lpcxpresso_4.2.3_292/lpcxpresso/tools/bin/../lib/gcc/arm-none-eabi/4.5.1/../../../../arm-none-eabi/lib/thumb2\libcr_c.a(fclose.o) (fflush)
c:/nxp/lpcxpresso_4.2.3_292/lpcxpresso/tools/bin/../lib/gcc/arm-none-eabi/4.5.1/../../../../arm-none-eabi/lib/thumb2\libcr_c.a(fseek.o)
                              c:/nxp/lpcxpresso_4.2.3_292/lpcxpresso/tools/bin/../lib/gcc/arm-none-eabi/4.5.1/../../../../arm-none-eabi/lib/thumb2\libcr_c.a(_deferredlazyseek.o) (fseek)
c:/nxp/lpcxpresso_4.2.3_292/lpcxpresso/tools/bin/../lib/gcc/arm-none-eabi/4.5.1/../../../../arm-none-eabi/lib/thumb2\libcr_c.a(ftell.o)
                              c:/nxp/lpcxpresso_4.2.3_292/lpcxpresso/tools/bin/../lib/gcc/arm-none-eabi/4.5.1/../../../../arm-none-eabi/lib/thumb2\libcr_c.a(fseek.o) (ftell)
c:/nxp/lpcxpresso_4.2.3_292/lpcxpresso/tools/bin/../lib/gcc/arm-none-eabi/4.5.1/../../../../arm-none-eabi/lib/thumb2\libcr_c.a(remove.o)
                              c:/nxp/lpcxpresso_4.2.3_292/lpcxpresso/tools/bin/../lib/gcc/arm-none-eabi/4.5.1/../../../../arm-none-eabi/lib/thumb2\libcr_c.a(fclose.o) (remove)
c:/nxp/lpcxpresso_4.2.3_292/lpcxpresso/tools/bin/../lib/gcc/arm-none-eabi/4.5.1/../../../../arm-none-eabi/lib/thumb2\libcr_c.a(strlen.o)
                              c:/nxp/lpcxpresso_4.2.3_292/lpcxpresso/tools/bin/../lib/gcc/arm-none-eabi/4.5.1/../../../../arm-none-eabi/lib/thumb2\libcr_c.a(remove.o) (strlen)
c:/nxp/lpcxpresso_4.2.3_292/lpcxpresso/tools/bin/../lib/gcc/arm-none-eabi/4.5.1/../../../../arm-none-eabi/lib/thumb2\libcr_c.a(memcpy.o)
                              c:/nxp/lpcxpresso_4.2.3_292/lpcxpresso/tools/bin/../lib/gcc/arm-none-eabi/4.5.1/../../../../arm-none-eabi/lib/thumb2\libcr_c.a(alloc.o) (memcpy)
c:/nxp/lpcxpresso_4.2.3_292/lpcxpresso/tools/bin/../lib/gcc/arm-none-eabi/4.5.1/../../../../arm-none-eabi/lib/thumb2\libcr_c.a(__init_alloc.o)
                              c:/nxp/lpcxpresso_4.2.3_292/lpcxpresso/tools/bin/../lib/gcc/arm-none-eabi/4.5.1/../../../../arm-none-eabi/lib/thumb2\libcr_c.a(alloc.o) (__heaps)
c:/nxp/lpcxpresso_4.2.3_292/lpcxpresso/tools/bin/../lib/gcc/arm-none-eabi/4.5.1/../../../../arm-none-eabi/lib/thumb2\libcr_c.a(_do_fflush.o)
                              c:/nxp/lpcxpresso_4.2.3_292/lpcxpresso/tools/bin/../lib/gcc/arm-none-eabi/4.5.1/../../../../arm-none-eabi/lib/thumb2\libcr_c.a(fflush.o) (_do_fflush)
c:/nxp/lpcxpresso_4.2.3_292/lpcxpresso/tools/bin/../lib/gcc/arm-none-eabi/4.5.1/../../../../arm-none-eabi/lib/thumb2\libcr_c.a(errno.o)
                              c:/nxp/lpcxpresso_4.2.3_292/lpcxpresso/tools/bin/../lib/gcc/arm-none-eabi/4.5.1/../../../../arm-none-eabi/lib/thumb2\libcr_c.a(ftell.o) (errno)
c:/nxp/lpcxpresso_4.2.3_292/lpcxpresso/tools/bin/../lib/gcc/arm-none-eabi/4.5.1/thumb2\libcr_eabihelpers.a(memcpy.o)
                              c:/nxp/lpcxpresso_4.2.3_292/lpcxpresso/tools/bin/../lib/gcc/arm-none-eabi/4.5.1/../../../../arm-none-eabi/lib/thumb2\libcr_c.a(memcpy.o) (__aeabi_memcpy)

Allocating common symbols
Common symbol       size              file

_extra              0x4               c:/nxp/lpcxpresso_4.2.3_292/lpcxpresso/tools/bin/../lib/gcc/arm-none-eabi/4.5.1/../../../../arm-none-eabi/lib/thumb2\libcr_c.a(initio.o)
_exitvector         0x84              c:/nxp/lpcxpresso_4.2.3_292/lpcxpresso/tools/bin/../lib/gcc/arm-none-eabi/4.5.1/../../../../arm-none-eabi/lib/thumb2\libcr_c.a(stdlib.o)
delay               0x4               ./src/main.o
_number_of_exit_functions
                    0x4               c:/nxp/lpcxpresso_4.2.3_292/lpcxpresso/tools/bin/../lib/gcc/arm-none-eabi/4.5.1/../../../../arm-none-eabi/lib/thumb2\libcr_c.a(stdlib.o)
__heaps             0x4               c:/nxp/lpcxpresso_4.2.3_292/lpcxpresso/tools/bin/../lib/gcc/arm-none-eabi/4.5.1/../../../../arm-none-eabi/lib/thumb2\libcr_c.a(__init_alloc.o)
__end_of_heap       0x4               c:/nxp/lpcxpresso_4.2.3_292/lpcxpresso/tools/bin/../lib/gcc/arm-none-eabi/4.5.1/../../../../arm-none-eabi/lib/thumb2\libcr_c.a(__init_alloc.o)
__Ciob              0x140             c:/nxp/lpcxpresso_4.2.3_292/lpcxpresso/tools/bin/../lib/gcc/arm-none-eabi/4.5.1/../../../../arm-none-eabi/lib/thumb2\libcr_c.a(stdio.o)

Discarded input sections

 .text          0x00000000        0x0 ./src/cr_startup_lpc13.o
 .data          0x00000000        0x0 ./src/cr_startup_lpc13.o
 .bss           0x00000000        0x0 ./src/cr_startup_lpc13.o
 .text          0x00000000        0x0 ./src/main.o
 .data          0x00000000        0x0 ./src/main.o
 .bss           0x00000000        0x0 ./src/main.o
 .text          0x00000000        0x0 C:\Users\Danijel\Documents\LPCXpresso_4.2.3_292\workspace\CMSISv2p00_LPC13xx\Release\libCMSISv2p00_LPC13xx.a(system_LPC13xx.o)
 .data          0x00000000        0x0 C:\Users\Danijel\Documents\LPCXpresso_4.2.3_292\workspace\CMSISv2p00_LPC13xx\Release\libCMSISv2p00_LPC13xx.a(system_LPC13xx.o)
 .bss           0x00000000        0x0 C:\Users\Danijel\Documents\LPCXpresso_4.2.3_292\workspace\CMSISv2p00_LPC13xx\Release\libCMSISv2p00_LPC13xx.a(system_LPC13xx.o)
 .text.SystemCoreClockUpdate
                0x00000000       0xa4 C:\Users\Danijel\Documents\LPCXpresso_4.2.3_292\workspace\CMSISv2p00_LPC13xx\Release\libCMSISv2p00_LPC13xx.a(system_LPC13xx.o)
 .rodata.CSWTCH.6
                0x00000000       0x40 C:\Users\Danijel\Documents\LPCXpresso_4.2.3_292\workspace\CMSISv2p00_LPC13xx\Release\libCMSISv2p00_LPC13xx.a(system_LPC13xx.o)
 .text          0x00000000        0x0 C:\Users\Danijel\Documents\LPCXpresso_4.2.3_292\workspace\Lib_MCU\Debug\libLib_MCU.a(gpio.o)
 .data          0x00000000        0x0 C:\Users\Danijel\Documents\LPCXpresso_4.2.3_292\workspace\Lib_MCU\Debug\libLib_MCU.a(gpio.o)
 .text.GPIOGetValue
                0x00000000       0xf0 C:\Users\Danijel\Documents\LPCXpresso_4.2.3_292\workspace\Lib_MCU\Debug\libLib_MCU.a(gpio.o)
 .text.GPIOIntDisable
                0x00000000      0x114 C:\Users\Danijel\Documents\LPCXpresso_4.2.3_292\workspace\Lib_MCU\Debug\libLib_MCU.a(gpio.o)
 .text          0x00000000        0x0 C:\Users\Danijel\Documents\LPCXpresso_4.2.3_292\workspace\Lib_MCU\Debug\libLib_MCU.a(i2c.o)
 .data          0x00000000        0x0 C:\Users\Danijel\Documents\LPCXpresso_4.2.3_292\workspace\Lib_MCU\Debug\libLib_MCU.a(i2c.o)
 .text          0x00000000        0x0 C:\Users\Danijel\Documents\LPCXpresso_4.2.3_292\workspace\Lib_MCU\Debug\libLib_MCU.a(ssp.o)
 .data          0x00000000        0x0 C:\Users\Danijel\Documents\LPCXpresso_4.2.3_292\workspace\Lib_MCU\Debug\libLib_MCU.a(ssp.o)
 .text.SSPReceive
                0x00000000       0x68 C:\Users\Danijel\Documents\LPCXpresso_4.2.3_292\workspace\Lib_MCU\Debug\libLib_MCU.a(ssp.o)
 .text          0x00000000        0x0 C:\Users\Danijel\Documents\LPCXpresso_4.2.3_292\workspace\Lib_MCU\Debug\libLib_MCU.a(timer32.o)
 .data          0x00000000        0x0 C:\Users\Danijel\Documents\LPCXpresso_4.2.3_292\workspace\Lib_MCU\Debug\libLib_MCU.a(timer32.o)
 .bss           0x00000000        0x0 C:\Users\Danijel\Documents\LPCXpresso_4.2.3_292\workspace\Lib_MCU\Debug\libLib_MCU.a(timer32.o)
 .text.delay32Us
                0x00000000      0x14c C:\Users\Danijel\Documents\LPCXpresso_4.2.3_292\workspace\Lib_MCU\Debug\libLib_MCU.a(timer32.o)
 .text.enable_timer32
                0x00000000       0x38 C:\Users\Danijel\Documents\LPCXpresso_4.2.3_292\workspace\Lib_MCU\Debug\libLib_MCU.a(timer32.o)
 .text.disable_timer32
                0x00000000       0x38 C:\Users\Danijel\Documents\LPCXpresso_4.2.3_292\workspace\Lib_MCU\Debug\libLib_MCU.a(timer32.o)
 .text.reset_timer32
                0x00000000       0x5c C:\Users\Danijel\Documents\LPCXpresso_4.2.3_292\workspace\Lib_MCU\Debug\libLib_MCU.a(timer32.o)
 .text          0x00000000        0x0 C:\Users\Danijel\Documents\LPCXpresso_4.2.3_292\workspace\Lib_EaBaseBoard\Debug\libLib_EaBaseBoard.a(acc.o)
 .data          0x00000000        0x0 C:\Users\Danijel\Documents\LPCXpresso_4.2.3_292\workspace\Lib_EaBaseBoard\Debug\libLib_EaBaseBoard.a(acc.o)
 .bss           0x00000000        0x0 C:\Users\Danijel\Documents\LPCXpresso_4.2.3_292\workspace\Lib_EaBaseBoard\Debug\libLib_EaBaseBoard.a(acc.o)
 .text.getModeControl
                0x00000000       0x3c C:\Users\Danijel\Documents\LPCXpresso_4.2.3_292\workspace\Lib_EaBaseBoard\Debug\libLib_EaBaseBoard.a(acc.o)
 .text.acc_setRange
                0x00000000       0x44 C:\Users\Danijel\Documents\LPCXpresso_4.2.3_292\workspace\Lib_EaBaseBoard\Debug\libLib_EaBaseBoard.a(acc.o)
 .text.acc_setMode
                0x00000000       0x3c C:\Users\Danijel\Documents\LPCXpresso_4.2.3_292\workspace\Lib_EaBaseBoard\Debug\libLib_EaBaseBoard.a(acc.o)
 .text          0x00000000        0x0 C:\Users\Danijel\Documents\LPCXpresso_4.2.3_292\workspace\Lib_EaBaseBoard\Debug\libLib_EaBaseBoard.a(oled.o)
 .data          0x00000000        0x0 C:\Users\Danijel\Documents\LPCXpresso_4.2.3_292\workspace\Lib_EaBaseBoard\Debug\libLib_EaBaseBoard.a(oled.o)
 .text.oled_circle
                0x00000000      0x32c C:\Users\Danijel\Documents\LPCXpresso_4.2.3_292\workspace\Lib_EaBaseBoard\Debug\libLib_EaBaseBoard.a(oled.o)
 .text.oled_rect
                0x00000000       0x48 C:\Users\Danijel\Documents\LPCXpresso_4.2.3_292\workspace\Lib_EaBaseBoard\Debug\libLib_EaBaseBoard.a(oled.o)
 .text          0x00000000        0x0 C:\Users\Danijel\Documents\LPCXpresso_4.2.3_292\workspace\Lib_EaBaseBoard\Debug\libLib_EaBaseBoard.a(font5x7.o)
 .data          0x00000000        0x0 C:\Users\Danijel\Documents\LPCXpresso_4.2.3_292\workspace\Lib_EaBaseBoard\Debug\libLib_EaBaseBoard.a(font5x7.o)
 .bss           0x00000000        0x0 C:\Users\Danijel\Documents\LPCXpresso_4.2.3_292\workspace\Lib_EaBaseBoard\Debug\libLib_EaBaseBoard.a(font5x7.o)
 .text          0x00000000        0x0 c:/nxp/lpcxpresso_4.2.3_292/lpcxpresso/tools/bin/../lib/gcc/arm-none-eabi/4.5.1/../../../../arm-none-eabi/lib/thumb2\libcr_c.a(__weak__main.o)
 .data          0x00000000        0x0 c:/nxp/lpcxpresso_4.2.3_292/lpcxpresso/tools/bin/../lib/gcc/arm-none-eabi/4.5.1/../../../../arm-none-eabi/lib/thumb2\libcr_c.a(__weak__main.o)
 .bss           0x00000000        0x0 c:/nxp/lpcxpresso_4.2.3_292/lpcxpresso/tools/bin/../lib/gcc/arm-none-eabi/4.5.1/../../../../arm-none-eabi/lib/thumb2\libcr_c.a(__weak__main.o)
 .text          0x00000000        0x0 c:/nxp/lpcxpresso_4.2.3_292/lpcxpresso/tools/bin/../lib/gcc/arm-none-eabi/4.5.1/../../../../arm-none-eabi/lib/thumb2\libcr_c.a(stdlib.o)
 .data          0x00000000        0x0 c:/nxp/lpcxpresso_4.2.3_292/lpcxpresso/tools/bin/../lib/gcc/arm-none-eabi/4.5.1/../../../../arm-none-eabi/lib/thumb2\libcr_c.a(stdlib.o)
 .bss           0x00000000        0x0 c:/nxp/lpcxpresso_4.2.3_292/lpcxpresso/tools/bin/../lib/gcc/arm-none-eabi/4.5.1/../../../../arm-none-eabi/lib/thumb2\libcr_c.a(stdlib.o)
 .text.__rand   0x00000000       0x20 c:/nxp/lpcxpresso_4.2.3_292/lpcxpresso/tools/bin/../lib/gcc/arm-none-eabi/4.5.1/../../../../arm-none-eabi/lib/thumb2\libcr_c.a(stdlib.o)
 .text.__srand  0x00000000        0xc c:/nxp/lpcxpresso_4.2.3_292/lpcxpresso/tools/bin/../lib/gcc/arm-none-eabi/4.5.1/../../../../arm-none-eabi/lib/thumb2\libcr_c.a(stdlib.o)
 .text._exit_init
                0x00000000        0xc c:/nxp/lpcxpresso_4.2.3_292/lpcxpresso/tools/bin/../lib/gcc/arm-none-eabi/4.5.1/../../../../arm-none-eabi/lib/thumb2\libcr_c.a(stdlib.o)
 .text.atexit   0x00000000       0x24 c:/nxp/lpcxpresso_4.2.3_292/lpcxpresso/tools/bin/../lib/gcc/arm-none-eabi/4.5.1/../../../../arm-none-eabi/lib/thumb2\libcr_c.a(stdlib.o)
 .text.exit     0x00000000       0x2c c:/nxp/lpcxpresso_4.2.3_292/lpcxpresso/tools/bin/../lib/gcc/arm-none-eabi/4.5.1/../../../../arm-none-eabi/lib/thumb2\libcr_c.a(stdlib.o)
 .text.abort    0x00000000       0x12 c:/nxp/lpcxpresso_4.2.3_292/lpcxpresso/tools/bin/../lib/gcc/arm-none-eabi/4.5.1/../../../../arm-none-eabi/lib/thumb2\libcr_c.a(stdlib.o)
 .text.abs      0x00000000        0x8 c:/nxp/lpcxpresso_4.2.3_292/lpcxpresso/tools/bin/../lib/gcc/arm-none-eabi/4.5.1/../../../../arm-none-eabi/lib/thumb2\libcr_c.a(stdlib.o)
 .text.labs     0x00000000        0x8 c:/nxp/lpcxpresso_4.2.3_292/lpcxpresso/tools/bin/../lib/gcc/arm-none-eabi/4.5.1/../../../../arm-none-eabi/lib/thumb2\libcr_c.a(stdlib.o)
 .text.div      0x00000000       0x10 c:/nxp/lpcxpresso_4.2.3_292/lpcxpresso/tools/bin/../lib/gcc/arm-none-eabi/4.5.1/../../../../arm-none-eabi/lib/thumb2\libcr_c.a(stdlib.o)
 .text.ldiv     0x00000000       0x10 c:/nxp/lpcxpresso_4.2.3_292/lpcxpresso/tools/bin/../lib/gcc/arm-none-eabi/4.5.1/../../../../arm-none-eabi/lib/thumb2\libcr_c.a(stdlib.o)
 .data.next     0x00000000        0x4 c:/nxp/lpcxpresso_4.2.3_292/lpcxpresso/tools/bin/../lib/gcc/arm-none-eabi/4.5.1/../../../../arm-none-eabi/lib/thumb2\libcr_c.a(stdlib.o)
 COMMON         0x00000000       0x88 c:/nxp/lpcxpresso_4.2.3_292/lpcxpresso/tools/bin/../lib/gcc/arm-none-eabi/4.5.1/../../../../arm-none-eabi/lib/thumb2\libcr_c.a(stdlib.o)
 .text          0x00000000        0x0 c:/nxp/lpcxpresso_4.2.3_292/lpcxpresso/tools/bin/../lib/gcc/arm-none-eabi/4.5.1/../../../../arm-none-eabi/lib/thumb2\libcr_c.a(memset.o)
 .data          0x00000000        0x0 c:/nxp/lpcxpresso_4.2.3_292/lpcxpresso/tools/bin/../lib/gcc/arm-none-eabi/4.5.1/../../../../arm-none-eabi/lib/thumb2\libcr_c.a(memset.o)
 .bss           0x00000000        0x0 c:/nxp/lpcxpresso_4.2.3_292/lpcxpresso/tools/bin/../lib/gcc/arm-none-eabi/4.5.1/../../../../arm-none-eabi/lib/thumb2\libcr_c.a(memset.o)
 .text          0x00000000        0x0 c:/nxp/lpcxpresso_4.2.3_292/lpcxpresso/tools/bin/../lib/gcc/arm-none-eabi/4.5.1/../../../../arm-none-eabi/lib/thumb2\libcr_c.a(initio.o)
 .data          0x00000000        0x0 c:/nxp/lpcxpresso_4.2.3_292/lpcxpresso/tools/bin/../lib/gcc/arm-none-eabi/4.5.1/../../../../arm-none-eabi/lib/thumb2\libcr_c.a(initio.o)
 .bss           0x00000000        0x0 c:/nxp/lpcxpresso_4.2.3_292/lpcxpresso/tools/bin/../lib/gcc/arm-none-eabi/4.5.1/../../../../arm-none-eabi/lib/thumb2\libcr_c.a(initio.o)
 .text._initio  0x00000000       0x9c c:/nxp/lpcxpresso_4.2.3_292/lpcxpresso/tools/bin/../lib/gcc/arm-none-eabi/4.5.1/../../../../arm-none-eabi/lib/thumb2\libcr_c.a(initio.o)
 .text._terminateio
                0x00000000       0x48 c:/nxp/lpcxpresso_4.2.3_292/lpcxpresso/tools/bin/../lib/gcc/arm-none-eabi/4.5.1/../../../../arm-none-eabi/lib/thumb2\libcr_c.a(initio.o)
 .rodata.str1.1
                0x00000000        0x4 c:/nxp/lpcxpresso_4.2.3_292/lpcxpresso/tools/bin/../lib/gcc/arm-none-eabi/4.5.1/../../../../arm-none-eabi/lib/thumb2\libcr_c.a(initio.o)
 COMMON         0x00000000        0x4 c:/nxp/lpcxpresso_4.2.3_292/lpcxpresso/tools/bin/../lib/gcc/arm-none-eabi/4.5.1/../../../../arm-none-eabi/lib/thumb2\libcr_c.a(initio.o)
 .text          0x00000000        0x0 c:/nxp/lpcxpresso_4.2.3_292/lpcxpresso/tools/bin/../lib/gcc/arm-none-eabi/4.5.1/../../../../arm-none-eabi/lib/thumb2\libcr_c.a(raise.o)
 .data          0x00000000        0x0 c:/nxp/lpcxpresso_4.2.3_292/lpcxpresso/tools/bin/../lib/gcc/arm-none-eabi/4.5.1/../../../../arm-none-eabi/lib/thumb2\libcr_c.a(raise.o)
 .bss           0x00000000        0x0 c:/nxp/lpcxpresso_4.2.3_292/lpcxpresso/tools/bin/../lib/gcc/arm-none-eabi/4.5.1/../../../../arm-none-eabi/lib/thumb2\libcr_c.a(raise.o)
 .text.raise    0x00000000        0x6 c:/nxp/lpcxpresso_4.2.3_292/lpcxpresso/tools/bin/../lib/gcc/arm-none-eabi/4.5.1/../../../../arm-none-eabi/lib/thumb2\libcr_c.a(raise.o)
 .text          0x00000000        0x0 c:/nxp/lpcxpresso_4.2.3_292/lpcxpresso/tools/bin/../lib/gcc/arm-none-eabi/4.5.1/../../../../arm-none-eabi/lib/thumb2\libcr_c.a(setvbuf.o)
 .data          0x00000000        0x0 c:/nxp/lpcxpresso_4.2.3_292/lpcxpresso/tools/bin/../lib/gcc/arm-none-eabi/4.5.1/../../../../arm-none-eabi/lib/thumb2\libcr_c.a(setvbuf.o)
 .bss           0x00000000        0x0 c:/nxp/lpcxpresso_4.2.3_292/lpcxpresso/tools/bin/../lib/gcc/arm-none-eabi/4.5.1/../../../../arm-none-eabi/lib/thumb2\libcr_c.a(setvbuf.o)
 .text.setvbuf  0x00000000       0x48 c:/nxp/lpcxpresso_4.2.3_292/lpcxpresso/tools/bin/../lib/gcc/arm-none-eabi/4.5.1/../../../../arm-none-eabi/lib/thumb2\libcr_c.a(setvbuf.o)
 .text          0x00000000        0x0 c:/nxp/lpcxpresso_4.2.3_292/lpcxpresso/tools/bin/../lib/gcc/arm-none-eabi/4.5.1/../../../../arm-none-eabi/lib/thumb2\libcr_c.a(stdio.o)
 .data          0x00000000        0x0 c:/nxp/lpcxpresso_4.2.3_292/lpcxpresso/tools/bin/../lib/gcc/arm-none-eabi/4.5.1/../../../../arm-none-eabi/lib/thumb2\libcr_c.a(stdio.o)
 .bss           0x00000000        0x0 c:/nxp/lpcxpresso_4.2.3_292/lpcxpresso/tools/bin/../lib/gcc/arm-none-eabi/4.5.1/../../../../arm-none-eabi/lib/thumb2\libcr_c.a(stdio.o)
 .text.fgetc    0x00000000       0x1a c:/nxp/lpcxpresso_4.2.3_292/lpcxpresso/tools/bin/../lib/gcc/arm-none-eabi/4.5.1/../../../../arm-none-eabi/lib/thumb2\libcr_c.a(stdio.o)
 .text.fputc    0x00000000       0x22 c:/nxp/lpcxpresso_4.2.3_292/lpcxpresso/tools/bin/../lib/gcc/arm-none-eabi/4.5.1/../../../../arm-none-eabi/lib/thumb2\libcr_c.a(stdio.o)
 .text.getc     0x00000000       0x1a c:/nxp/lpcxpresso_4.2.3_292/lpcxpresso/tools/bin/../lib/gcc/arm-none-eabi/4.5.1/../../../../arm-none-eabi/lib/thumb2\libcr_c.a(stdio.o)
 .text.getchar  0x00000000       0x20 c:/nxp/lpcxpresso_4.2.3_292/lpcxpresso/tools/bin/../lib/gcc/arm-none-eabi/4.5.1/../../../../arm-none-eabi/lib/thumb2\libcr_c.a(stdio.o)
 .text.putc     0x00000000       0x22 c:/nxp/lpcxpresso_4.2.3_292/lpcxpresso/tools/bin/../lib/gcc/arm-none-eabi/4.5.1/../../../../arm-none-eabi/lib/thumb2\libcr_c.a(stdio.o)
 .text.putchar  0x00000000       0x24 c:/nxp/lpcxpresso_4.2.3_292/lpcxpresso/tools/bin/../lib/gcc/arm-none-eabi/4.5.1/../../../../arm-none-eabi/lib/thumb2\libcr_c.a(stdio.o)
 .text.feof     0x00000000        0x8 c:/nxp/lpcxpresso_4.2.3_292/lpcxpresso/tools/bin/../lib/gcc/arm-none-eabi/4.5.1/../../../../arm-none-eabi/lib/thumb2\libcr_c.a(stdio.o)
 .text.ferror   0x00000000        0x8 c:/nxp/lpcxpresso_4.2.3_292/lpcxpresso/tools/bin/../lib/gcc/arm-none-eabi/4.5.1/../../../../arm-none-eabi/lib/thumb2\libcr_c.a(stdio.o)
 .text.clearerr
                0x00000000        0xe c:/nxp/lpcxpresso_4.2.3_292/lpcxpresso/tools/bin/../lib/gcc/arm-none-eabi/4.5.1/../../../../arm-none-eabi/lib/thumb2\libcr_c.a(stdio.o)
 COMMON         0x00000000      0x140 c:/nxp/lpcxpresso_4.2.3_292/lpcxpresso/tools/bin/../lib/gcc/arm-none-eabi/4.5.1/../../../../arm-none-eabi/lib/thumb2\libcr_c.a(stdio.o)
 .text          0x00000000        0x0 c:/nxp/lpcxpresso_4.2.3_292/lpcxpresso/tools/bin/../lib/gcc/arm-none-eabi/4.5.1/../../../../arm-none-eabi/lib/thumb2\libcr_c.a(__fillbuf.o)
 .data          0x00000000        0x0 c:/nxp/lpcxpresso_4.2.3_292/lpcxpresso/tools/bin/../lib/gcc/arm-none-eabi/4.5.1/../../../../arm-none-eabi/lib/thumb2\libcr_c.a(__fillbuf.o)
 .bss           0x00000000        0x0 c:/nxp/lpcxpresso_4.2.3_292/lpcxpresso/tools/bin/../lib/gcc/arm-none-eabi/4.5.1/../../../../arm-none-eabi/lib/thumb2\libcr_c.a(__fillbuf.o)
 .text._Csys_read_
                0x00000000       0x22 c:/nxp/lpcxpresso_4.2.3_292/lpcxpresso/tools/bin/../lib/gcc/arm-none-eabi/4.5.1/../../../../arm-none-eabi/lib/thumb2\libcr_c.a(__fillbuf.o)
 .text.__filbuf
                0x00000000      0x190 c:/nxp/lpcxpresso_4.2.3_292/lpcxpresso/tools/bin/../lib/gcc/arm-none-eabi/4.5.1/../../../../arm-none-eabi/lib/thumb2\libcr_c.a(__fillbuf.o)
 .text._fillb2  0x00000000       0x1e c:/nxp/lpcxpresso_4.2.3_292/lpcxpresso/tools/bin/../lib/gcc/arm-none-eabi/4.5.1/../../../../arm-none-eabi/lib/thumb2\libcr_c.a(__fillbuf.o)
 .text          0x00000000        0x0 c:/nxp/lpcxpresso_4.2.3_292/lpcxpresso/tools/bin/../lib/gcc/arm-none-eabi/4.5.1/../../../../arm-none-eabi/lib/thumb2\libcr_c.a(_deferredlazyseek.o)
 .data          0x00000000        0x0 c:/nxp/lpcxpresso_4.2.3_292/lpcxpresso/tools/bin/../lib/gcc/arm-none-eabi/4.5.1/../../../../arm-none-eabi/lib/thumb2\libcr_c.a(_deferredlazyseek.o)
 .bss           0x00000000        0x0 c:/nxp/lpcxpresso_4.2.3_292/lpcxpresso/tools/bin/../lib/gcc/arm-none-eabi/4.5.1/../../../../arm-none-eabi/lib/thumb2\libcr_c.a(_deferredlazyseek.o)
 .text._deferredlazyseek
                0x00000000       0x44 c:/nxp/lpcxpresso_4.2.3_292/lpcxpresso/tools/bin/../lib/gcc/arm-none-eabi/4.5.1/../../../../arm-none-eabi/lib/thumb2\libcr_c.a(_deferredlazyseek.o)
 .text.__flsbuf
                0x00000000      0x15e c:/nxp/lpcxpresso_4.2.3_292/lpcxpresso/tools/bin/../lib/gcc/arm-none-eabi/4.5.1/../../../../arm-none-eabi/lib/thumb2\libcr_c.a(_deferredlazyseek.o)
 .text          0x00000000        0x0 c:/nxp/lpcxpresso_4.2.3_292/lpcxpresso/tools/bin/../lib/gcc/arm-none-eabi/4.5.1/../../../../arm-none-eabi/lib/thumb2\libcr_c.a(_fdopen.o)
 .data          0x00000000        0x0 c:/nxp/lpcxpresso_4.2.3_292/lpcxpresso/tools/bin/../lib/gcc/arm-none-eabi/4.5.1/../../../../arm-none-eabi/lib/thumb2\libcr_c.a(_fdopen.o)
 .bss           0x00000000        0x0 c:/nxp/lpcxpresso_4.2.3_292/lpcxpresso/tools/bin/../lib/gcc/arm-none-eabi/4.5.1/../../../../arm-none-eabi/lib/thumb2\libcr_c.a(_fdopen.o)
 .text._fdopen  0x00000000       0x6e c:/nxp/lpcxpresso_4.2.3_292/lpcxpresso/tools/bin/../lib/gcc/arm-none-eabi/4.5.1/../../../../arm-none-eabi/lib/thumb2\libcr_c.a(_fdopen.o)
 .text          0x00000000        0x0 c:/nxp/lpcxpresso_4.2.3_292/lpcxpresso/tools/bin/../lib/gcc/arm-none-eabi/4.5.1/../../../../arm-none-eabi/lib/thumb2\libcr_c.a(_fflush.o)
 .data          0x00000000        0x0 c:/nxp/lpcxpresso_4.2.3_292/lpcxpresso/tools/bin/../lib/gcc/arm-none-eabi/4.5.1/../../../../arm-none-eabi/lib/thumb2\libcr_c.a(_fflush.o)
 .bss           0x00000000        0x0 c:/nxp/lpcxpresso_4.2.3_292/lpcxpresso/tools/bin/../lib/gcc/arm-none-eabi/4.5.1/../../../../arm-none-eabi/lib/thumb2\libcr_c.a(_fflush.o)
 .text._fflush  0x00000000       0x58 c:/nxp/lpcxpresso_4.2.3_292/lpcxpresso/tools/bin/../lib/gcc/arm-none-eabi/4.5.1/../../../../arm-none-eabi/lib/thumb2\libcr_c.a(_fflush.o)
 .text          0x00000000        0x0 c:/nxp/lpcxpresso_4.2.3_292/lpcxpresso/tools/bin/../lib/gcc/arm-none-eabi/4.5.1/../../../../arm-none-eabi/lib/thumb2\libcr_c.a(_writebuf.o)
 .data          0x00000000        0x0 c:/nxp/lpcxpresso_4.2.3_292/lpcxpresso/tools/bin/../lib/gcc/arm-none-eabi/4.5.1/../../../../arm-none-eabi/lib/thumb2\libcr_c.a(_writebuf.o)
 .bss           0x00000000        0x0 c:/nxp/lpcxpresso_4.2.3_292/lpcxpresso/tools/bin/../lib/gcc/arm-none-eabi/4.5.1/../../../../arm-none-eabi/lib/thumb2\libcr_c.a(_writebuf.o)
 .text._Cwritebuf
                0x00000000       0x88 c:/nxp/lpcxpresso_4.2.3_292/lpcxpresso/tools/bin/../lib/gcc/arm-none-eabi/4.5.1/../../../../arm-none-eabi/lib/thumb2\libcr_c.a(_writebuf.o)
 .text          0x00000000        0x0 c:/nxp/lpcxpresso_4.2.3_292/lpcxpresso/tools/bin/../lib/gcc/arm-none-eabi/4.5.1/../../../../arm-none-eabi/lib/thumb2\libcr_c.a(alloc.o)
 .data          0x00000000        0x0 c:/nxp/lpcxpresso_4.2.3_292/lpcxpresso/tools/bin/../lib/gcc/arm-none-eabi/4.5.1/../../../../arm-none-eabi/lib/thumb2\libcr_c.a(alloc.o)
 .bss           0x00000000        0x0 c:/nxp/lpcxpresso_4.2.3_292/lpcxpresso/tools/bin/../lib/gcc/arm-none-eabi/4.5.1/../../../../arm-none-eabi/lib/thumb2\libcr_c.a(alloc.o)
 .text.malloc   0x00000000       0xd0 c:/nxp/lpcxpresso_4.2.3_292/lpcxpresso/tools/bin/../lib/gcc/arm-none-eabi/4.5.1/../../../../arm-none-eabi/lib/thumb2\libcr_c.a(alloc.o)
 .text.free     0x00000000        0xa c:/nxp/lpcxpresso_4.2.3_292/lpcxpresso/tools/bin/../lib/gcc/arm-none-eabi/4.5.1/../../../../arm-none-eabi/lib/thumb2\libcr_c.a(alloc.o)
 .text.calloc   0x00000000       0x50 c:/nxp/lpcxpresso_4.2.3_292/lpcxpresso/tools/bin/../lib/gcc/arm-none-eabi/4.5.1/../../../../arm-none-eabi/lib/thumb2\libcr_c.a(alloc.o)
 .text._Csys_alloc
                0x00000000       0x20 c:/nxp/lpcxpresso_4.2.3_292/lpcxpresso/tools/bin/../lib/gcc/arm-none-eabi/4.5.1/../../../../arm-none-eabi/lib/thumb2\libcr_c.a(alloc.o)
 .text.realloc  0x00000000       0x1c c:/nxp/lpcxpresso_4.2.3_292/lpcxpresso/tools/bin/../lib/gcc/arm-none-eabi/4.5.1/../../../../arm-none-eabi/lib/thumb2\libcr_c.a(alloc.o)
 .rodata.str1.1
                0x00000000       0x18 c:/nxp/lpcxpresso_4.2.3_292/lpcxpresso/tools/bin/../lib/gcc/arm-none-eabi/4.5.1/../../../../arm-none-eabi/lib/thumb2\libcr_c.a(alloc.o)
 .text          0x00000000        0x0 c:/nxp/lpcxpresso_4.2.3_292/lpcxpresso/tools/bin/../lib/gcc/arm-none-eabi/4.5.1/../../../../arm-none-eabi/lib/thumb2\libcr_c.a(fclose.o)
 .data          0x00000000        0x0 c:/nxp/lpcxpresso_4.2.3_292/lpcxpresso/tools/bin/../lib/gcc/arm-none-eabi/4.5.1/../../../../arm-none-eabi/lib/thumb2\libcr_c.a(fclose.o)
 .bss           0x00000000        0x0 c:/nxp/lpcxpresso_4.2.3_292/lpcxpresso/tools/bin/../lib/gcc/arm-none-eabi/4.5.1/../../../../arm-none-eabi/lib/thumb2\libcr_c.a(fclose.o)
 .text.fclose   0x00000000       0x72 c:/nxp/lpcxpresso_4.2.3_292/lpcxpresso/tools/bin/../lib/gcc/arm-none-eabi/4.5.1/../../../../arm-none-eabi/lib/thumb2\libcr_c.a(fclose.o)
 .text          0x00000000        0x0 c:/nxp/lpcxpresso_4.2.3_292/lpcxpresso/tools/bin/../lib/gcc/arm-none-eabi/4.5.1/../../../../arm-none-eabi/lib/thumb2\libcr_c.a(fflush.o)
 .data          0x00000000        0x0 c:/nxp/lpcxpresso_4.2.3_292/lpcxpresso/tools/bin/../lib/gcc/arm-none-eabi/4.5.1/../../../../arm-none-eabi/lib/thumb2\libcr_c.a(fflush.o)
 .bss           0x00000000        0x0 c:/nxp/lpcxpresso_4.2.3_292/lpcxpresso/tools/bin/../lib/gcc/arm-none-eabi/4.5.1/../../../../arm-none-eabi/lib/thumb2\libcr_c.a(fflush.o)
 .text.fflush   0x00000000       0x34 c:/nxp/lpcxpresso_4.2.3_292/lpcxpresso/tools/bin/../lib/gcc/arm-none-eabi/4.5.1/../../../../arm-none-eabi/lib/thumb2\libcr_c.a(fflush.o)
 .text          0x00000000        0x0 c:/nxp/lpcxpresso_4.2.3_292/lpcxpresso/tools/bin/../lib/gcc/arm-none-eabi/4.5.1/../../../../arm-none-eabi/lib/thumb2\libcr_c.a(fseek.o)
 .data          0x00000000        0x0 c:/nxp/lpcxpresso_4.2.3_292/lpcxpresso/tools/bin/../lib/gcc/arm-none-eabi/4.5.1/../../../../arm-none-eabi/lib/thumb2\libcr_c.a(fseek.o)
 .bss           0x00000000        0x0 c:/nxp/lpcxpresso_4.2.3_292/lpcxpresso/tools/bin/../lib/gcc/arm-none-eabi/4.5.1/../../../../arm-none-eabi/lib/thumb2\libcr_c.a(fseek.o)
 .text.fseek    0x00000000      0x110 c:/nxp/lpcxpresso_4.2.3_292/lpcxpresso/tools/bin/../lib/gcc/arm-none-eabi/4.5.1/../../../../arm-none-eabi/lib/thumb2\libcr_c.a(fseek.o)
 .text          0x00000000        0x0 c:/nxp/lpcxpresso_4.2.3_292/lpcxpresso/tools/bin/../lib/gcc/arm-none-eabi/4.5.1/../../../../arm-none-eabi/lib/thumb2\libcr_c.a(ftell.o)
 .data          0x00000000        0x0 c:/nxp/lpcxpresso_4.2.3_292/lpcxpresso/tools/bin/../lib/gcc/arm-none-eabi/4.5.1/../../../../arm-none-eabi/lib/thumb2\libcr_c.a(ftell.o)
 .bss           0x00000000        0x0 c:/nxp/lpcxpresso_4.2.3_292/lpcxpresso/tools/bin/../lib/gcc/arm-none-eabi/4.5.1/../../../../arm-none-eabi/lib/thumb2\libcr_c.a(ftell.o)
 .text.ftell    0x00000000       0x50 c:/nxp/lpcxpresso_4.2.3_292/lpcxpresso/tools/bin/../lib/gcc/arm-none-eabi/4.5.1/../../../../arm-none-eabi/lib/thumb2\libcr_c.a(ftell.o)
 .text          0x00000000        0x0 c:/nxp/lpcxpresso_4.2.3_292/lpcxpresso/tools/bin/../lib/gcc/arm-none-eabi/4.5.1/../../../../arm-none-eabi/lib/thumb2\libcr_c.a(remove.o)
 .data          0x00000000        0x0 c:/nxp/lpcxpresso_4.2.3_292/lpcxpresso/tools/bin/../lib/gcc/arm-none-eabi/4.5.1/../../../../arm-none-eabi/lib/thumb2\libcr_c.a(remove.o)
 .bss           0x00000000        0x0 c:/nxp/lpcxpresso_4.2.3_292/lpcxpresso/tools/bin/../lib/gcc/arm-none-eabi/4.5.1/../../../../arm-none-eabi/lib/thumb2\libcr_c.a(remove.o)
 .text.remove   0x00000000       0x14 c:/nxp/lpcxpresso_4.2.3_292/lpcxpresso/tools/bin/../lib/gcc/arm-none-eabi/4.5.1/../../../../arm-none-eabi/lib/thumb2\libcr_c.a(remove.o)
 .text.rename   0x00000000       0x2a c:/nxp/lpcxpresso_4.2.3_292/lpcxpresso/tools/bin/../lib/gcc/arm-none-eabi/4.5.1/../../../../arm-none-eabi/lib/thumb2\libcr_c.a(remove.o)
 .text          0x00000000        0x0 c:/nxp/lpcxpresso_4.2.3_292/lpcxpresso/tools/bin/../lib/gcc/arm-none-eabi/4.5.1/../../../../arm-none-eabi/lib/thumb2\libcr_c.a(strlen.o)
 .data          0x00000000        0x0 c:/nxp/lpcxpresso_4.2.3_292/lpcxpresso/tools/bin/../lib/gcc/arm-none-eabi/4.5.1/../../../../arm-none-eabi/lib/thumb2\libcr_c.a(strlen.o)
 .bss           0x00000000        0x0 c:/nxp/lpcxpresso_4.2.3_292/lpcxpresso/tools/bin/../lib/gcc/arm-none-eabi/4.5.1/../../../../arm-none-eabi/lib/thumb2\libcr_c.a(strlen.o)
 .text.strlen   0x00000000       0x4e c:/nxp/lpcxpresso_4.2.3_292/lpcxpresso/tools/bin/../lib/gcc/arm-none-eabi/4.5.1/../../../../arm-none-eabi/lib/thumb2\libcr_c.a(strlen.o)
 .text          0x00000000        0x0 c:/nxp/lpcxpresso_4.2.3_292/lpcxpresso/tools/bin/../lib/gcc/arm-none-eabi/4.5.1/../../../../arm-none-eabi/lib/thumb2\libcr_c.a(memcpy.o)
 .data          0x00000000        0x0 c:/nxp/lpcxpresso_4.2.3_292/lpcxpresso/tools/bin/../lib/gcc/arm-none-eabi/4.5.1/../../../../arm-none-eabi/lib/thumb2\libcr_c.a(memcpy.o)
 .bss           0x00000000        0x0 c:/nxp/lpcxpresso_4.2.3_292/lpcxpresso/tools/bin/../lib/gcc/arm-none-eabi/4.5.1/../../../../arm-none-eabi/lib/thumb2\libcr_c.a(memcpy.o)
 .text.memcpy   0x00000000        0x4 c:/nxp/lpcxpresso_4.2.3_292/lpcxpresso/tools/bin/../lib/gcc/arm-none-eabi/4.5.1/../../../../arm-none-eabi/lib/thumb2\libcr_c.a(memcpy.o)
 .text          0x00000000        0x0 c:/nxp/lpcxpresso_4.2.3_292/lpcxpresso/tools/bin/../lib/gcc/arm-none-eabi/4.5.1/../../../../arm-none-eabi/lib/thumb2\libcr_c.a(__init_alloc.o)
 .data          0x00000000        0x0 c:/nxp/lpcxpresso_4.2.3_292/lpcxpresso/tools/bin/../lib/gcc/arm-none-eabi/4.5.1/../../../../arm-none-eabi/lib/thumb2\libcr_c.a(__init_alloc.o)
 .bss           0x00000000        0x0 c:/nxp/lpcxpresso_4.2.3_292/lpcxpresso/tools/bin/../lib/gcc/arm-none-eabi/4.5.1/../../../../arm-none-eabi/lib/thumb2\libcr_c.a(__init_alloc.o)
 .text._init_alloc
                0x00000000       0x14 c:/nxp/lpcxpresso_4.2.3_292/lpcxpresso/tools/bin/../lib/gcc/arm-none-eabi/4.5.1/../../../../arm-none-eabi/lib/thumb2\libcr_c.a(__init_alloc.o)
 COMMON         0x00000000        0x8 c:/nxp/lpcxpresso_4.2.3_292/lpcxpresso/tools/bin/../lib/gcc/arm-none-eabi/4.5.1/../../../../arm-none-eabi/lib/thumb2\libcr_c.a(__init_alloc.o)
 .text          0x00000000        0x0 c:/nxp/lpcxpresso_4.2.3_292/lpcxpresso/tools/bin/../lib/gcc/arm-none-eabi/4.5.1/../../../../arm-none-eabi/lib/thumb2\libcr_c.a(_do_fflush.o)
 .data          0x00000000        0x0 c:/nxp/lpcxpresso_4.2.3_292/lpcxpresso/tools/bin/../lib/gcc/arm-none-eabi/4.5.1/../../../../arm-none-eabi/lib/thumb2\libcr_c.a(_do_fflush.o)
 .bss           0x00000000        0x0 c:/nxp/lpcxpresso_4.2.3_292/lpcxpresso/tools/bin/../lib/gcc/arm-none-eabi/4.5.1/../../../../arm-none-eabi/lib/thumb2\libcr_c.a(_do_fflush.o)
 .text._do_fflush
                0x00000000       0x44 c:/nxp/lpcxpresso_4.2.3_292/lpcxpresso/tools/bin/../lib/gcc/arm-none-eabi/4.5.1/../../../../arm-none-eabi/lib/thumb2\libcr_c.a(_do_fflush.o)
 .text          0x00000000        0x0 c:/nxp/lpcxpresso_4.2.3_292/lpcxpresso/tools/bin/../lib/gcc/arm-none-eabi/4.5.1/../../../../arm-none-eabi/lib/thumb2\libcr_c.a(errno.o)
 .data          0x00000000        0x0 c:/nxp/lpcxpresso_4.2.3_292/lpcxpresso/tools/bin/../lib/gcc/arm-none-eabi/4.5.1/../../../../arm-none-eabi/lib/thumb2\libcr_c.a(errno.o)
 .bss           0x00000000        0x0 c:/nxp/lpcxpresso_4.2.3_292/lpcxpresso/tools/bin/../lib/gcc/arm-none-eabi/4.5.1/../../../../arm-none-eabi/lib/thumb2\libcr_c.a(errno.o)
 .bss.errno     0x00000000        0x4 c:/nxp/lpcxpresso_4.2.3_292/lpcxpresso/tools/bin/../lib/gcc/arm-none-eabi/4.5.1/../../../../arm-none-eabi/lib/thumb2\libcr_c.a(errno.o)
 .text          0x00000000        0x0 c:/nxp/lpcxpresso_4.2.3_292/lpcxpresso/tools/bin/../lib/gcc/arm-none-eabi/4.5.1/thumb2\libcr_eabihelpers.a(memcpy.o)
 .data          0x00000000        0x0 c:/nxp/lpcxpresso_4.2.3_292/lpcxpresso/tools/bin/../lib/gcc/arm-none-eabi/4.5.1/thumb2\libcr_eabihelpers.a(memcpy.o)
 .bss           0x00000000        0x0 c:/nxp/lpcxpresso_4.2.3_292/lpcxpresso/tools/bin/../lib/gcc/arm-none-eabi/4.5.1/thumb2\libcr_eabihelpers.a(memcpy.o)
 .text.__aeabi_memcpy
                0x00000000       0x26 c:/nxp/lpcxpresso_4.2.3_292/lpcxpresso/tools/bin/../lib/gcc/arm-none-eabi/4.5.1/thumb2\libcr_eabihelpers.a(memcpy.o)
 .text.__aeabi_memmove
                0x00000000       0x1c c:/nxp/lpcxpresso_4.2.3_292/lpcxpresso/tools/bin/../lib/gcc/arm-none-eabi/4.5.1/thumb2\libcr_eabihelpers.a(memcpy.o)
 .text.__aeabi_memclr
                0x00000000        0x8 c:/nxp/lpcxpresso_4.2.3_292/lpcxpresso/tools/bin/../lib/gcc/arm-none-eabi/4.5.1/thumb2\libcr_eabihelpers.a(memcpy.o)
 .text.__aeabi_memset
                0x00000000        0xa c:/nxp/lpcxpresso_4.2.3_292/lpcxpresso/tools/bin/../lib/gcc/arm-none-eabi/4.5.1/thumb2\libcr_eabihelpers.a(memcpy.o)

Memory Configuration

Name             Origin             Length             Attributes
MFlash32         0x00000000         0x00008000         xr
RamLoc8          0x10000000         0x00002000         xrw
*default*        0x00000000         0xffffffff

Linker script and memory map

LOAD ./src/cr_startup_lpc13.o
LOAD ./src/main.o
LOAD C:\Users\Danijel\Documents\LPCXpresso_4.2.3_292\workspace\CMSISv2p00_LPC13xx\Release\libCMSISv2p00_LPC13xx.a
LOAD C:\Users\Danijel\Documents\LPCXpresso_4.2.3_292\workspace\Lib_MCU\Debug\libLib_MCU.a
LOAD C:\Users\Danijel\Documents\LPCXpresso_4.2.3_292\workspace\Lib_EaBaseBoard\Debug\libLib_EaBaseBoard.a
START GROUP
LOAD c:/nxp/lpcxpresso_4.2.3_292/lpcxpresso/tools/bin/../lib/gcc/arm-none-eabi/4.5.1/../../../../arm-none-eabi/lib/thumb2\libcr_c.a
LOAD c:/nxp/lpcxpresso_4.2.3_292/lpcxpresso/tools/bin/../lib/gcc/arm-none-eabi/4.5.1/thumb2\libcr_eabihelpers.a
END GROUP
                0x00008000                __top_MFlash32 = 0x8000
                0x10002000                __top_RamLoc8 = 0x10002000

.text           0x00000000     0x4a28
 FILL mask 0xff
 *(.isr_vector)
 .isr_vector    0x00000000      0x128 ./src/cr_startup_lpc13.o
                0x00000000                g_pfnVectors
                0x00000128                . = ALIGN (0x4)
                0x00000128                __section_table_start = .
                0x00000128                __data_section_table = .
                0x00000128        0x4 LONG 0x4a28 LOADADDR (.data)
                0x0000012c        0x4 LONG 0x10000000 ADDR (.data)
                0x00000130        0x4 LONG 0xf8 SIZEOF (.data)
                0x00000134                __data_section_table_end = .
                0x00000134                __bss_section_table = .
                0x00000134        0x4 LONG 0x100000f8 ADDR (.bss)
                0x00000138        0x4 LONG 0x126c SIZEOF (.bss)
                0x0000013c                __bss_section_table_end = .
                0x0000013c                __section_table_end = .
 *(.after_vectors*)
 .after_vectors
                0x0000013c       0x78 ./src/cr_startup_lpc13.o
                0x0000013c                NMI_Handler
                0x0000013e                HardFault_Handler
                0x00000140                MemManage_Handler
                0x00000142                BusFault_Handler
                0x00000144                UsageFault_Handler
                0x00000146                SVC_Handler
                0x00000148                DebugMon_Handler
                0x0000014a                PendSV_Handler
                0x0000014e                data_init
                0x00000160                bss_init
                0x00000170                ResetISR
                0x000001b0                PIOINT1_IRQHandler
                0x000001b0                IntDefaultHandler
                0x000001b0                TIMER16_1_IRQHandler
                0x000001b0                USB_FIQHandler
                0x000001b0                ADC_IRQHandler
                0x000001b0                SSP1_IRQHandler
                0x000001b0                PIOINT2_IRQHandler
                0x000001b0                USB_IRQHandler
                0x000001b0                BOD_IRQHandler
                0x000001b0                WAKEUP_IRQHandler
                0x000001b0                TIMER32_0_IRQHandler
                0x000001b0                WDT_IRQHandler
                0x000001b0                UART_IRQHandler
                0x000001b0                TIMER32_1_IRQHandler
                0x000001b0                PIOINT3_IRQHandler
                0x000001b0                TIMER16_0_IRQHandler
                0x000001b0                FMC_IRQHandler
                0x000002fc                . = 0x2fc
 *fill*         0x000001b4      0x148 ff
                0x000002fc                PROVIDE (__CRP_WORD_START__, .)
 *(.crp)
 .crp           0x000002fc        0x4 ./src/main.o
                0x000002fc                CRP_WORD
                0x00000300                PROVIDE (__CRP_WORD_END__, .)
                0x00000001                ASSERT (! ((__CRP_WORD_START__ == __CRP_WORD_END__)), Linker CRP Enabled, but no CRP_WORD provided within application)
 *(.text*)
 .text.NVIC_SetPriority
                0x00000300       0x5c ./src/main.o
 .text.SysTick_Config
                0x0000035c       0x64 ./src/main.o
 .text.PIOINT0_IRQHandler
                0x000003c0       0x40 ./src/main.o
                0x000003c0                PIOINT0_IRQHandler
 .text.SysTick_Handler
                0x00000400       0x24 ./src/main.o
                0x00000400                SysTick_Handler
 .text.uintToString
                0x00000424       0xc0 ./src/main.o
                0x00000424                uintToString
 .text.playSnake
                0x000004e4     0x1568 ./src/main.o
                0x000004e4                playSnake
 .text.main     0x00001a4c      0x57c ./src/main.o
                0x00001a4c                main
 .text.SystemInit
                0x00001fc8       0xbc C:\Users\Danijel\Documents\LPCXpresso_4.2.3_292\workspace\CMSISv2p00_LPC13xx\Release\libCMSISv2p00_LPC13xx.a(system_LPC13xx.o)
                0x00001fc8                SystemInit
 .text.NVIC_EnableIRQ
                0x00002084       0x38 C:\Users\Danijel\Documents\LPCXpresso_4.2.3_292\workspace\Lib_MCU\Debug\libLib_MCU.a(gpio.o)
 .text.GPIOInit
                0x000020bc       0xb8 C:\Users\Danijel\Documents\LPCXpresso_4.2.3_292\workspace\Lib_MCU\Debug\libLib_MCU.a(gpio.o)
                0x000020bc                GPIOInit
 .text.GPIOSetDir
                0x00002174      0x308 C:\Users\Danijel\Documents\LPCXpresso_4.2.3_292\workspace\Lib_MCU\Debug\libLib_MCU.a(gpio.o)
                0x00002174                GPIOSetDir
 .text.GPIOSetValue
                0x0000247c      0x1ec C:\Users\Danijel\Documents\LPCXpresso_4.2.3_292\workspace\Lib_MCU\Debug\libLib_MCU.a(gpio.o)
                0x0000247c                GPIOSetValue
 .text.GPIOSetInterrupt
                0x00002668      0x574 C:\Users\Danijel\Documents\LPCXpresso_4.2.3_292\workspace\Lib_MCU\Debug\libLib_MCU.a(gpio.o)
                0x00002668                GPIOSetInterrupt
 .text.GPIOIntEnable
                0x00002bdc      0x104 C:\Users\Danijel\Documents\LPCXpresso_4.2.3_292\workspace\Lib_MCU\Debug\libLib_MCU.a(gpio.o)
                0x00002bdc                GPIOIntEnable
 .text.GPIOIntStatus
                0x00002ce0      0x100 C:\Users\Danijel\Documents\LPCXpresso_4.2.3_292\workspace\Lib_MCU\Debug\libLib_MCU.a(gpio.o)
                0x00002ce0                GPIOIntStatus
 .text.GPIOIntClear
                0x00002de0      0x104 C:\Users\Danijel\Documents\LPCXpresso_4.2.3_292\workspace\Lib_MCU\Debug\libLib_MCU.a(gpio.o)
                0x00002de0                GPIOIntClear
 .text.NVIC_EnableIRQ
                0x00002ee4       0x38 C:\Users\Danijel\Documents\LPCXpresso_4.2.3_292\workspace\Lib_MCU\Debug\libLib_MCU.a(i2c.o)
 .text.I2C_IRQHandler
                0x00002f1c      0x408 C:\Users\Danijel\Documents\LPCXpresso_4.2.3_292\workspace\Lib_MCU\Debug\libLib_MCU.a(i2c.o)
                0x00002f1c                I2C_IRQHandler
 .text.I2CStart
                0x00003324       0x60 C:\Users\Danijel\Documents\LPCXpresso_4.2.3_292\workspace\Lib_MCU\Debug\libLib_MCU.a(i2c.o)
                0x00003324                I2CStart
 .text.I2CStop  0x00003384       0x34 C:\Users\Danijel\Documents\LPCXpresso_4.2.3_292\workspace\Lib_MCU\Debug\libLib_MCU.a(i2c.o)
                0x00003384                I2CStop
 .text.I2CInit  0x000033b8       0xec C:\Users\Danijel\Documents\LPCXpresso_4.2.3_292\workspace\Lib_MCU\Debug\libLib_MCU.a(i2c.o)
                0x000033b8                I2CInit
 .text.I2CEngine
                0x000034a4       0x60 C:\Users\Danijel\Documents\LPCXpresso_4.2.3_292\workspace\Lib_MCU\Debug\libLib_MCU.a(i2c.o)
                0x000034a4                I2CEngine
 .text.I2CRead  0x00003504       0x68 C:\Users\Danijel\Documents\LPCXpresso_4.2.3_292\workspace\Lib_MCU\Debug\libLib_MCU.a(i2c.o)
                0x00003504                I2CRead
 .text.I2CWrite
                0x0000356c       0x60 C:\Users\Danijel\Documents\LPCXpresso_4.2.3_292\workspace\Lib_MCU\Debug\libLib_MCU.a(i2c.o)
                0x0000356c                I2CWrite
 .text.NVIC_EnableIRQ
                0x000035cc       0x38 C:\Users\Danijel\Documents\LPCXpresso_4.2.3_292\workspace\Lib_MCU\Debug\libLib_MCU.a(ssp.o)
 .text.SSP_IRQHandler
                0x00003604       0xa0 C:\Users\Danijel\Documents\LPCXpresso_4.2.3_292\workspace\Lib_MCU\Debug\libLib_MCU.a(ssp.o)
                0x00003604                SSP_IRQHandler
 .text.SSPInit  0x000036a4      0x16c C:\Users\Danijel\Documents\LPCXpresso_4.2.3_292\workspace\Lib_MCU\Debug\libLib_MCU.a(ssp.o)
                0x000036a4                SSPInit
 .text.SSPSend  0x00003810       0x78 C:\Users\Danijel\Documents\LPCXpresso_4.2.3_292\workspace\Lib_MCU\Debug\libLib_MCU.a(ssp.o)
                0x00003810                SSPSend
 .text.NVIC_EnableIRQ
                0x00003888       0x38 C:\Users\Danijel\Documents\LPCXpresso_4.2.3_292\workspace\Lib_MCU\Debug\libLib_MCU.a(timer32.o)
 .text.delay32Ms
                0x000038c0      0x14c C:\Users\Danijel\Documents\LPCXpresso_4.2.3_292\workspace\Lib_MCU\Debug\libLib_MCU.a(timer32.o)
                0x000038c0                delay32Ms
 .text.init_timer32
                0x00003a0c      0x1b0 C:\Users\Danijel\Documents\LPCXpresso_4.2.3_292\workspace\Lib_MCU\Debug\libLib_MCU.a(timer32.o)
                0x00003a0c                init_timer32
 .text.getStatus
                0x00003bbc       0x3c C:\Users\Danijel\Documents\LPCXpresso_4.2.3_292\workspace\Lib_EaBaseBoard\Debug\libLib_EaBaseBoard.a(acc.o)
 .text.setModeControl
                0x00003bf8       0x30 C:\Users\Danijel\Documents\LPCXpresso_4.2.3_292\workspace\Lib_EaBaseBoard\Debug\libLib_EaBaseBoard.a(acc.o)
 .text.acc_init
                0x00003c28       0x10 C:\Users\Danijel\Documents\LPCXpresso_4.2.3_292\workspace\Lib_EaBaseBoard\Debug\libLib_EaBaseBoard.a(acc.o)
                0x00003c28                acc_init
 .text.acc_read
                0x00003c38       0xbc C:\Users\Danijel\Documents\LPCXpresso_4.2.3_292\workspace\Lib_EaBaseBoard\Debug\libLib_EaBaseBoard.a(acc.o)
                0x00003c38                acc_read
 .text.writeCommand
                0x00003cf4       0x50 C:\Users\Danijel\Documents\LPCXpresso_4.2.3_292\workspace\Lib_EaBaseBoard\Debug\libLib_EaBaseBoard.a(oled.o)
 .text.writeData
                0x00003d44       0x50 C:\Users\Danijel\Documents\LPCXpresso_4.2.3_292\workspace\Lib_EaBaseBoard\Debug\libLib_EaBaseBoard.a(oled.o)
 .text.writeDataLen
                0x00003d94       0x80 C:\Users\Danijel\Documents\LPCXpresso_4.2.3_292\workspace\Lib_EaBaseBoard\Debug\libLib_EaBaseBoard.a(oled.o)
 .text.runInitSequence
                0x00003e14      0x118 C:\Users\Danijel\Documents\LPCXpresso_4.2.3_292\workspace\Lib_EaBaseBoard\Debug\libLib_EaBaseBoard.a(oled.o)
 .text.hLine    0x00003f2c       0x4c C:\Users\Danijel\Documents\LPCXpresso_4.2.3_292\workspace\Lib_EaBaseBoard\Debug\libLib_EaBaseBoard.a(oled.o)
 .text.vLine    0x00003f78       0x4c C:\Users\Danijel\Documents\LPCXpresso_4.2.3_292\workspace\Lib_EaBaseBoard\Debug\libLib_EaBaseBoard.a(oled.o)
 .text.oled_init
                0x00003fc4       0xb8 C:\Users\Danijel\Documents\LPCXpresso_4.2.3_292\workspace\Lib_EaBaseBoard\Debug\libLib_EaBaseBoard.a(oled.o)
                0x00003fc4                oled_init
 .text.oled_putPixel
                0x0000407c      0x18c C:\Users\Danijel\Documents\LPCXpresso_4.2.3_292\workspace\Lib_EaBaseBoard\Debug\libLib_EaBaseBoard.a(oled.o)
                0x0000407c                oled_putPixel
 .text.oled_line
                0x00004208      0x1d4 C:\Users\Danijel\Documents\LPCXpresso_4.2.3_292\workspace\Lib_EaBaseBoard\Debug\libLib_EaBaseBoard.a(oled.o)
                0x00004208                oled_line
 .text.oled_fillRect
                0x000043dc       0x90 C:\Users\Danijel\Documents\LPCXpresso_4.2.3_292\workspace\Lib_EaBaseBoard\Debug\libLib_EaBaseBoard.a(oled.o)
                0x000043dc                oled_fillRect
 .text.oled_clearScreen
                0x0000446c       0x74 C:\Users\Danijel\Documents\LPCXpresso_4.2.3_292\workspace\Lib_EaBaseBoard\Debug\libLib_EaBaseBoard.a(oled.o)
                0x0000446c                oled_clearScreen
 .text.oled_putChar
                0x000044e0       0xf0 C:\Users\Danijel\Documents\LPCXpresso_4.2.3_292\workspace\Lib_EaBaseBoard\Debug\libLib_EaBaseBoard.a(oled.o)
                0x000044e0                oled_putChar
 .text.oled_putString
                0x000045d0       0x54 C:\Users\Danijel\Documents\LPCXpresso_4.2.3_292\workspace\Lib_EaBaseBoard\Debug\libLib_EaBaseBoard.a(oled.o)
                0x000045d0                oled_putString
 .text.__weak_main
                0x00004624        0x4 c:/nxp/lpcxpresso_4.2.3_292/lpcxpresso/tools/bin/../lib/gcc/arm-none-eabi/4.5.1/../../../../arm-none-eabi/lib/thumb2\libcr_c.a(__weak__main.o)
                0x00004624                __weak_main
                0x00004624                __main
 .text.rand     0x00004628       0x3c c:/nxp/lpcxpresso_4.2.3_292/lpcxpresso/tools/bin/../lib/gcc/arm-none-eabi/4.5.1/../../../../arm-none-eabi/lib/thumb2\libcr_c.a(stdlib.o)
                0x00004628                rand
 .text.srand    0x00004664       0x3c c:/nxp/lpcxpresso_4.2.3_292/lpcxpresso/tools/bin/../lib/gcc/arm-none-eabi/4.5.1/../../../../arm-none-eabi/lib/thumb2\libcr_c.a(stdlib.o)
                0x00004664                srand
 .text.memset   0x000046a0        0x4 c:/nxp/lpcxpresso_4.2.3_292/lpcxpresso/tools/bin/../lib/gcc/arm-none-eabi/4.5.1/../../../../arm-none-eabi/lib/thumb2\libcr_c.a(memset.o)
                0x000046a0                memset
 .text.__aeabi_memset_lowlevel
                0x000046a4       0x24 c:/nxp/lpcxpresso_4.2.3_292/lpcxpresso/tools/bin/../lib/gcc/arm-none-eabi/4.5.1/thumb2\libcr_eabihelpers.a(memcpy.o)
                0x000046a4                __aeabi_lowlevel_memset
 *(.rodata .rodata.*)
 .rodata        0x000046c8       0x58 ./src/main.o
 .rodata        0x00004720        0x8 C:\Users\Danijel\Documents\LPCXpresso_4.2.3_292\workspace\Lib_EaBaseBoard\Debug\libLib_EaBaseBoard.a(oled.o)
 .rodata        0x00004728      0x300 C:\Users\Danijel\Documents\LPCXpresso_4.2.3_292\workspace\Lib_EaBaseBoard\Debug\libLib_EaBaseBoard.a(font5x7.o)
                0x00004728                font5x7
                0x00004a28                . = ALIGN (0x4)

.glue_7         0x00004a28        0x0
 .glue_7        0x00000000        0x0 linker stubs

.glue_7t        0x00004a28        0x0
 .glue_7t       0x00000000        0x0 linker stubs

.vfp11_veneer   0x00004a28        0x0
 .vfp11_veneer  0x00000000        0x0 linker stubs

.v4_bx          0x00004a28        0x0
 .v4_bx         0x00000000        0x0 linker stubs

.ARM.extab
 *(.ARM.extab* .gnu.linkonce.armextab.*)
                0x00004a28                __exidx_start = .

.ARM.exidx
 *(.ARM.exidx* .gnu.linkonce.armexidx.*)
                0x00004a28                __exidx_end = .
                0x00004a28                _etext = .

.uninit_RESERVED
 *(.bss.$RESERVED*)

.data           0x10000000       0xf8 load address 0x00004a28
 FILL mask 0xff
                0x10000000                _data = .
 *(vtable)
 *(.data*)
 .data.glava_x  0x10000000        0x1 ./src/main.o
                0x10000000                glava_x
 .data.glava_y  0x10000001        0x1 ./src/main.o
                0x10000001                glava_y
 .data.rep_x    0x10000002        0x1 ./src/main.o
                0x10000002                rep_x
 .data.rep_y    0x10000003        0x1 ./src/main.o
                0x10000003                rep_y
 .data.sw3      0x10000004        0x4 ./src/main.o
                0x10000004                sw3
 .data.speed    0x10000008        0x4 ./src/main.o
                0x10000008                speed
 .data.Ascii    0x1000000c        0x4 ./src/main.o
 .data.SystemCoreClock
                0x10000010        0x4 C:\Users\Danijel\Documents\LPCXpresso_4.2.3_292\workspace\CMSISv2p00_LPC13xx\Release\libCMSISv2p00_LPC13xx.a(system_LPC13xx.o)
                0x10000010                SystemCoreClock
 .data._random_number_seed
                0x10000014       0xdc c:/nxp/lpcxpresso_4.2.3_292/lpcxpresso/tools/bin/../lib/gcc/arm-none-eabi/4.5.1/../../../../arm-none-eabi/lib/thumb2\libcr_c.a(stdlib.o)
 .data._random_j
                0x100000f0        0x4 c:/nxp/lpcxpresso_4.2.3_292/lpcxpresso/tools/bin/../lib/gcc/arm-none-eabi/4.5.1/../../../../arm-none-eabi/lib/thumb2\libcr_c.a(stdlib.o)
 .data._random_k
                0x100000f4        0x4 c:/nxp/lpcxpresso_4.2.3_292/lpcxpresso/tools/bin/../lib/gcc/arm-none-eabi/4.5.1/../../../../arm-none-eabi/lib/thumb2\libcr_c.a(stdlib.o)
                0x100000f8                . = ALIGN (0x4)
                0x100000f8                _edata = .

.bss            0x100000f8     0x126c load address 0x00004b20
                0x100000f8                _bss = .
 *(.bss*)
 .bss.oled      0x100000f8      0xf00 ./src/main.o
                0x100000f8                oled
 .bss.x         0x10000ff8        0x1 ./src/main.o
 .bss.y         0x10000ff9        0x1 ./src/main.o
 .bss.z         0x10000ffa        0x1 ./src/main.o
 .bss.xoff      0x10000ffb        0x1 ./src/main.o
 .bss.yoff      0x10000ffc        0x1 ./src/main.o
 .bss.zoff      0x10000ffd        0x1 ./src/main.o
 *fill*         0x10000ffe        0x2 00
 .bss.msTicks   0x10001000        0x4 ./src/main.o
                0x10001000                msTicks
 .bss.score     0x10001004        0x4 ./src/main.o
                0x10001004                score
 .bss.exscore   0x10001008        0x4 ./src/main.o
                0x10001008                exscore
 .bss.buf       0x1000100c        0xc ./src/main.o
 .bss           0x10001018       0x10 C:\Users\Danijel\Documents\LPCXpresso_4.2.3_292\workspace\Lib_MCU\Debug\libLib_MCU.a(gpio.o)
 .bss           0x10001028       0x2c C:\Users\Danijel\Documents\LPCXpresso_4.2.3_292\workspace\Lib_MCU\Debug\libLib_MCU.a(i2c.o)
 .bss           0x10001054        0xc C:\Users\Danijel\Documents\LPCXpresso_4.2.3_292\workspace\Lib_MCU\Debug\libLib_MCU.a(ssp.o)
                0x10001054                interruptRxStat
                0x10001058                interruptOverRunStat
                0x1000105c                interruptRxTimeoutStat
 .bss           0x10001060      0x300 C:\Users\Danijel\Documents\LPCXpresso_4.2.3_292\workspace\Lib_EaBaseBoard\Debug\libLib_EaBaseBoard.a(oled.o)
 *(COMMON)
 COMMON         0x10001360        0x4 ./src/main.o
                0x10001360                delay
                0x10001364                . = ALIGN (0x4)
                0x10001364                _ebss = .
                0x10001364                PROVIDE (end, .)
                0x10001364                PROVIDE (_pvHeapStart, .)
                0x10002000                PROVIDE (_vStackTop, (__top_RamLoc8 - 0x0))
OUTPUT(My Project (6.2) - Snake.axf elf32-littlearm)

.debug_abbrev   0x00000000      0xe6a
 .debug_abbrev  0x00000000      0x123 ./src/cr_startup_lpc13.o
 .debug_abbrev  0x00000123      0x280 ./src/main.o
 .debug_abbrev  0x000003a3      0x11e C:\Users\Danijel\Documents\LPCXpresso_4.2.3_292\workspace\CMSISv2p00_LPC13xx\Release\libCMSISv2p00_LPC13xx.a(system_LPC13xx.o)
 .debug_abbrev  0x000004c1      0x1e5 C:\Users\Danijel\Documents\LPCXpresso_4.2.3_292\workspace\Lib_MCU\Debug\libLib_MCU.a(gpio.o)
 .debug_abbrev  0x000006a6      0x1cc C:\Users\Danijel\Documents\LPCXpresso_4.2.3_292\workspace\Lib_MCU\Debug\libLib_MCU.a(i2c.o)
 .debug_abbrev  0x00000872      0x19f C:\Users\Danijel\Documents\LPCXpresso_4.2.3_292\workspace\Lib_MCU\Debug\libLib_MCU.a(ssp.o)
 .debug_abbrev  0x00000a11      0x167 C:\Users\Danijel\Documents\LPCXpresso_4.2.3_292\workspace\Lib_MCU\Debug\libLib_MCU.a(timer32.o)
 .debug_abbrev  0x00000b78      0x118 C:\Users\Danijel\Documents\LPCXpresso_4.2.3_292\workspace\Lib_EaBaseBoard\Debug\libLib_EaBaseBoard.a(acc.o)
 .debug_abbrev  0x00000c90      0x18f C:\Users\Danijel\Documents\LPCXpresso_4.2.3_292\workspace\Lib_EaBaseBoard\Debug\libLib_EaBaseBoard.a(oled.o)
 .debug_abbrev  0x00000e1f       0x4b C:\Users\Danijel\Documents\LPCXpresso_4.2.3_292\workspace\Lib_EaBaseBoard\Debug\libLib_EaBaseBoard.a(font5x7.o)

.debug_info     0x00000000     0x5476
 .debug_info    0x00000000      0x315 ./src/cr_startup_lpc13.o
 .debug_info    0x00000315      0xe2f ./src/main.o
 .debug_info    0x00001144      0x5a5 C:\Users\Danijel\Documents\LPCXpresso_4.2.3_292\workspace\CMSISv2p00_LPC13xx\Release\libCMSISv2p00_LPC13xx.a(system_LPC13xx.o)
 .debug_info    0x000016e9      0xb96 C:\Users\Danijel\Documents\LPCXpresso_4.2.3_292\workspace\Lib_MCU\Debug\libLib_MCU.a(gpio.o)
 .debug_info    0x0000227f      0xdb8 C:\Users\Danijel\Documents\LPCXpresso_4.2.3_292\workspace\Lib_MCU\Debug\libLib_MCU.a(i2c.o)
 .debug_info    0x00003037      0xc73 C:\Users\Danijel\Documents\LPCXpresso_4.2.3_292\workspace\Lib_MCU\Debug\libLib_MCU.a(ssp.o)
 .debug_info    0x00003caa      0xcea C:\Users\Danijel\Documents\LPCXpresso_4.2.3_292\workspace\Lib_MCU\Debug\libLib_MCU.a(timer32.o)
 .debug_info    0x00004994      0x27b C:\Users\Danijel\Documents\LPCXpresso_4.2.3_292\workspace\Lib_EaBaseBoard\Debug\libLib_EaBaseBoard.a(acc.o)
 .debug_info    0x00004c0f      0x802 C:\Users\Danijel\Documents\LPCXpresso_4.2.3_292\workspace\Lib_EaBaseBoard\Debug\libLib_EaBaseBoard.a(oled.o)
 .debug_info    0x00005411       0x65 C:\Users\Danijel\Documents\LPCXpresso_4.2.3_292\workspace\Lib_EaBaseBoard\Debug\libLib_EaBaseBoard.a(font5x7.o)

.debug_line     0x00000000     0x2e1c
 .debug_line    0x00000000      0x415 ./src/cr_startup_lpc13.o
 .debug_line    0x00000415      0x7c2 ./src/main.o
 .debug_line    0x00000bd7      0x17f C:\Users\Danijel\Documents\LPCXpresso_4.2.3_292\workspace\CMSISv2p00_LPC13xx\Release\libCMSISv2p00_LPC13xx.a(system_LPC13xx.o)
 .debug_line    0x00000d56      0x5ab C:\Users\Danijel\Documents\LPCXpresso_4.2.3_292\workspace\Lib_MCU\Debug\libLib_MCU.a(gpio.o)
 .debug_line    0x00001301      0x4e1 C:\Users\Danijel\Documents\LPCXpresso_4.2.3_292\workspace\Lib_MCU\Debug\libLib_MCU.a(i2c.o)
 .debug_line    0x000017e2      0x4a2 C:\Users\Danijel\Documents\LPCXpresso_4.2.3_292\workspace\Lib_MCU\Debug\libLib_MCU.a(ssp.o)
 .debug_line    0x00001c84      0x4bb C:\Users\Danijel\Documents\LPCXpresso_4.2.3_292\workspace\Lib_MCU\Debug\libLib_MCU.a(timer32.o)
 .debug_line    0x0000213f      0x4d6 C:\Users\Danijel\Documents\LPCXpresso_4.2.3_292\workspace\Lib_EaBaseBoard\Debug\libLib_EaBaseBoard.a(acc.o)
 .debug_line    0x00002615      0x778 C:\Users\Danijel\Documents\LPCXpresso_4.2.3_292\workspace\Lib_EaBaseBoard\Debug\libLib_EaBaseBoard.a(oled.o)
 .debug_line    0x00002d8d       0x8f C:\Users\Danijel\Documents\LPCXpresso_4.2.3_292\workspace\Lib_EaBaseBoard\Debug\libLib_EaBaseBoard.a(font5x7.o)

.debug_macinfo  0x00000000    0x39871
 .debug_macinfo
                0x00000000     0x6bc6 ./src/cr_startup_lpc13.o
 .debug_macinfo
                0x00006bc6     0x757e ./src/main.o
 .debug_macinfo
                0x0000e144     0x69e4 C:\Users\Danijel\Documents\LPCXpresso_4.2.3_292\workspace\Lib_MCU\Debug\libLib_MCU.a(gpio.o)
 .debug_macinfo
                0x00014b28     0x6c78 C:\Users\Danijel\Documents\LPCXpresso_4.2.3_292\workspace\Lib_MCU\Debug\libLib_MCU.a(i2c.o)
 .debug_macinfo
                0x0001b7a0     0x6d80 C:\Users\Danijel\Documents\LPCXpresso_4.2.3_292\workspace\Lib_MCU\Debug\libLib_MCU.a(ssp.o)
 .debug_macinfo
                0x00022520     0x6a26 C:\Users\Danijel\Documents\LPCXpresso_4.2.3_292\workspace\Lib_MCU\Debug\libLib_MCU.a(timer32.o)
 .debug_macinfo
                0x00028f46     0x6fad C:\Users\Danijel\Documents\LPCXpresso_4.2.3_292\workspace\Lib_EaBaseBoard\Debug\libLib_EaBaseBoard.a(acc.o)
 .debug_macinfo
                0x0002fef3     0x7239 C:\Users\Danijel\Documents\LPCXpresso_4.2.3_292\workspace\Lib_EaBaseBoard\Debug\libLib_EaBaseBoard.a(oled.o)
 .debug_macinfo
                0x0003712c     0x2745 C:\Users\Danijel\Documents\LPCXpresso_4.2.3_292\workspace\Lib_EaBaseBoard\Debug\libLib_EaBaseBoard.a(font5x7.o)

.debug_loc      0x00000000      0xeb5
 .debug_loc     0x00000000      0x1b8 ./src/cr_startup_lpc13.o
 .debug_loc     0x000001b8      0x170 ./src/main.o
 .debug_loc     0x00000328       0x67 C:\Users\Danijel\Documents\LPCXpresso_4.2.3_292\workspace\CMSISv2p00_LPC13xx\Release\libCMSISv2p00_LPC13xx.a(system_LPC13xx.o)
 .debug_loc     0x0000038f      0x224 C:\Users\Danijel\Documents\LPCXpresso_4.2.3_292\workspace\Lib_MCU\Debug\libLib_MCU.a(gpio.o)
 .debug_loc     0x000005b3      0x1a8 C:\Users\Danijel\Documents\LPCXpresso_4.2.3_292\workspace\Lib_MCU\Debug\libLib_MCU.a(i2c.o)
 .debug_loc     0x0000075b      0x118 C:\Users\Danijel\Documents\LPCXpresso_4.2.3_292\workspace\Lib_MCU\Debug\libLib_MCU.a(ssp.o)
 .debug_loc     0x00000873      0x188 C:\Users\Danijel\Documents\LPCXpresso_4.2.3_292\workspace\Lib_MCU\Debug\libLib_MCU.a(timer32.o)
 .debug_loc     0x000009fb      0x17c C:\Users\Danijel\Documents\LPCXpresso_4.2.3_292\workspace\Lib_EaBaseBoard\Debug\libLib_EaBaseBoard.a(acc.o)
 .debug_loc     0x00000b77      0x33e C:\Users\Danijel\Documents\LPCXpresso_4.2.3_292\workspace\Lib_EaBaseBoard\Debug\libLib_EaBaseBoard.a(oled.o)

.debug_pubnames
                0x00000000      0x587
 .debug_pubnames
                0x00000000      0x115 ./src/cr_startup_lpc13.o
 .debug_pubnames
                0x00000115       0xe5 ./src/main.o
 .debug_pubnames
                0x000001fa       0x4f C:\Users\Danijel\Documents\LPCXpresso_4.2.3_292\workspace\CMSISv2p00_LPC13xx\Release\libCMSISv2p00_LPC13xx.a(system_LPC13xx.o)
 .debug_pubnames
                0x00000249       0xad C:\Users\Danijel\Documents\LPCXpresso_4.2.3_292\workspace\Lib_MCU\Debug\libLib_MCU.a(gpio.o)
 .debug_pubnames
                0x000002f6       0x71 C:\Users\Danijel\Documents\LPCXpresso_4.2.3_292\workspace\Lib_MCU\Debug\libLib_MCU.a(i2c.o)
 .debug_pubnames
                0x00000367       0x94 C:\Users\Danijel\Documents\LPCXpresso_4.2.3_292\workspace\Lib_MCU\Debug\libLib_MCU.a(ssp.o)
 .debug_pubnames
                0x000003fb       0x78 C:\Users\Danijel\Documents\LPCXpresso_4.2.3_292\workspace\Lib_MCU\Debug\libLib_MCU.a(timer32.o)
 .debug_pubnames
                0x00000473       0x4d C:\Users\Danijel\Documents\LPCXpresso_4.2.3_292\workspace\Lib_EaBaseBoard\Debug\libLib_EaBaseBoard.a(acc.o)
 .debug_pubnames
                0x000004c0       0xa9 C:\Users\Danijel\Documents\LPCXpresso_4.2.3_292\workspace\Lib_EaBaseBoard\Debug\libLib_EaBaseBoard.a(oled.o)
 .debug_pubnames
                0x00000569       0x1e C:\Users\Danijel\Documents\LPCXpresso_4.2.3_292\workspace\Lib_EaBaseBoard\Debug\libLib_EaBaseBoard.a(font5x7.o)

.debug_pubtypes
                0x00000000      0x3d3
 .debug_pubtypes
                0x00000000       0x1e ./src/cr_startup_lpc13.o
 .debug_pubtypes
                0x0000001e       0x9c ./src/main.o
 .debug_pubtypes
                0x000000ba       0x42 C:\Users\Danijel\Documents\LPCXpresso_4.2.3_292\workspace\CMSISv2p00_LPC13xx\Release\libCMSISv2p00_LPC13xx.a(system_LPC13xx.o)
 .debug_pubtypes
                0x000000fc       0x7c C:\Users\Danijel\Documents\LPCXpresso_4.2.3_292\workspace\Lib_MCU\Debug\libLib_MCU.a(gpio.o)
 .debug_pubtypes
                0x00000178       0x91 C:\Users\Danijel\Documents\LPCXpresso_4.2.3_292\workspace\Lib_MCU\Debug\libLib_MCU.a(i2c.o)
 .debug_pubtypes
                0x00000209       0x91 C:\Users\Danijel\Documents\LPCXpresso_4.2.3_292\workspace\Lib_MCU\Debug\libLib_MCU.a(ssp.o)
 .debug_pubtypes
                0x0000029a       0x91 C:\Users\Danijel\Documents\LPCXpresso_4.2.3_292\workspace\Lib_MCU\Debug\libLib_MCU.a(timer32.o)
 .debug_pubtypes
                0x0000032b       0x48 C:\Users\Danijel\Documents\LPCXpresso_4.2.3_292\workspace\Lib_EaBaseBoard\Debug\libLib_EaBaseBoard.a(acc.o)
 .debug_pubtypes
                0x00000373       0x60 C:\Users\Danijel\Documents\LPCXpresso_4.2.3_292\workspace\Lib_EaBaseBoard\Debug\libLib_EaBaseBoard.a(oled.o)

.debug_aranges  0x00000000      0x328
 .debug_aranges
                0x00000000       0x80 ./src/cr_startup_lpc13.o
 .debug_aranges
                0x00000080       0x50 ./src/main.o
 .debug_aranges
                0x000000d0       0x28 C:\Users\Danijel\Documents\LPCXpresso_4.2.3_292\workspace\CMSISv2p00_LPC13xx\Release\libCMSISv2p00_LPC13xx.a(system_LPC13xx.o)
 .debug_aranges
                0x000000f8       0x68 C:\Users\Danijel\Documents\LPCXpresso_4.2.3_292\workspace\Lib_MCU\Debug\libLib_MCU.a(gpio.o)
 .debug_aranges
                0x00000160       0x58 C:\Users\Danijel\Documents\LPCXpresso_4.2.3_292\workspace\Lib_MCU\Debug\libLib_MCU.a(i2c.o)
 .debug_aranges
                0x000001b8       0x40 C:\Users\Danijel\Documents\LPCXpresso_4.2.3_292\workspace\Lib_MCU\Debug\libLib_MCU.a(ssp.o)
 .debug_aranges
                0x000001f8       0x50 C:\Users\Danijel\Documents\LPCXpresso_4.2.3_292\workspace\Lib_MCU\Debug\libLib_MCU.a(timer32.o)
 .debug_aranges
                0x00000248       0x50 C:\Users\Danijel\Documents\LPCXpresso_4.2.3_292\workspace\Lib_EaBaseBoard\Debug\libLib_EaBaseBoard.a(acc.o)
 .debug_aranges
                0x00000298       0x90 C:\Users\Danijel\Documents\LPCXpresso_4.2.3_292\workspace\Lib_EaBaseBoard\Debug\libLib_EaBaseBoard.a(oled.o)

.debug_ranges   0x00000000      0x298
 .debug_ranges  0x00000000       0x70 ./src/cr_startup_lpc13.o
 .debug_ranges  0x00000070       0x40 ./src/main.o
 .debug_ranges  0x000000b0       0x18 C:\Users\Danijel\Documents\LPCXpresso_4.2.3_292\workspace\CMSISv2p00_LPC13xx\Release\libCMSISv2p00_LPC13xx.a(system_LPC13xx.o)
 .debug_ranges  0x000000c8       0x58 C:\Users\Danijel\Documents\LPCXpresso_4.2.3_292\workspace\Lib_MCU\Debug\libLib_MCU.a(gpio.o)
 .debug_ranges  0x00000120       0x48 C:\Users\Danijel\Documents\LPCXpresso_4.2.3_292\workspace\Lib_MCU\Debug\libLib_MCU.a(i2c.o)
 .debug_ranges  0x00000168       0x30 C:\Users\Danijel\Documents\LPCXpresso_4.2.3_292\workspace\Lib_MCU\Debug\libLib_MCU.a(ssp.o)
 .debug_ranges  0x00000198       0x40 C:\Users\Danijel\Documents\LPCXpresso_4.2.3_292\workspace\Lib_MCU\Debug\libLib_MCU.a(timer32.o)
 .debug_ranges  0x000001d8       0x40 C:\Users\Danijel\Documents\LPCXpresso_4.2.3_292\workspace\Lib_EaBaseBoard\Debug\libLib_EaBaseBoard.a(acc.o)
 .debug_ranges  0x00000218       0x80 C:\Users\Danijel\Documents\LPCXpresso_4.2.3_292\workspace\Lib_EaBaseBoard\Debug\libLib_EaBaseBoard.a(oled.o)

.debug_str      0x00000000     0x13dc
 .debug_str     0x00000000      0x23e ./src/cr_startup_lpc13.o
                                0x26e (size before relaxing)
 .debug_str     0x0000023e      0x85d ./src/main.o
                                0x981 (size before relaxing)
 .debug_str     0x00000a9b       0x9c C:\Users\Danijel\Documents\LPCXpresso_4.2.3_292\workspace\CMSISv2p00_LPC13xx\Release\libCMSISv2p00_LPC13xx.a(system_LPC13xx.o)
                                0x426 (size before relaxing)
 .debug_str     0x00000b37      0x171 C:\Users\Danijel\Documents\LPCXpresso_4.2.3_292\workspace\Lib_MCU\Debug\libLib_MCU.a(gpio.o)
                                0x86f (size before relaxing)
 .debug_str     0x00000ca8      0x2ed C:\Users\Danijel\Documents\LPCXpresso_4.2.3_292\workspace\Lib_MCU\Debug\libLib_MCU.a(i2c.o)
                                0xa47 (size before relaxing)
 .debug_str     0x00000f95       0x9c C:\Users\Danijel\Documents\LPCXpresso_4.2.3_292\workspace\Lib_MCU\Debug\libLib_MCU.a(ssp.o)
                                0x97c (size before relaxing)
 .debug_str     0x00001031       0xa5 C:\Users\Danijel\Documents\LPCXpresso_4.2.3_292\workspace\Lib_MCU\Debug\libLib_MCU.a(timer32.o)
                                0x995 (size before relaxing)
 .debug_str     0x000010d6      0x13e C:\Users\Danijel\Documents\LPCXpresso_4.2.3_292\workspace\Lib_EaBaseBoard\Debug\libLib_EaBaseBoard.a(acc.o)
                                0x1df (size before relaxing)
 .debug_str     0x00001214      0x1b7 C:\Users\Danijel\Documents\LPCXpresso_4.2.3_292\workspace\Lib_EaBaseBoard\Debug\libLib_EaBaseBoard.a(oled.o)
                                0x2e0 (size before relaxing)
 .debug_str     0x000013cb       0x11 C:\Users\Danijel\Documents\LPCXpresso_4.2.3_292\workspace\Lib_EaBaseBoard\Debug\libLib_EaBaseBoard.a(font5x7.o)
                                 0x90 (size before relaxing)

.comment        0x00000000       0x2a
 .comment       0x00000000       0x2a ./src/cr_startup_lpc13.o
                                 0x2b (size before relaxing)
 .comment       0x00000000       0x2b ./src/main.o
 .comment       0x00000000       0x2b C:\Users\Danijel\Documents\LPCXpresso_4.2.3_292\workspace\CMSISv2p00_LPC13xx\Release\libCMSISv2p00_LPC13xx.a(system_LPC13xx.o)
 .comment       0x00000000       0x2b C:\Users\Danijel\Documents\LPCXpresso_4.2.3_292\workspace\Lib_MCU\Debug\libLib_MCU.a(gpio.o)
 .comment       0x00000000       0x2b C:\Users\Danijel\Documents\LPCXpresso_4.2.3_292\workspace\Lib_MCU\Debug\libLib_MCU.a(i2c.o)
 .comment       0x00000000       0x2b C:\Users\Danijel\Documents\LPCXpresso_4.2.3_292\workspace\Lib_MCU\Debug\libLib_MCU.a(ssp.o)
 .comment       0x00000000       0x2b C:\Users\Danijel\Documents\LPCXpresso_4.2.3_292\workspace\Lib_MCU\Debug\libLib_MCU.a(timer32.o)
 .comment       0x00000000       0x2b C:\Users\Danijel\Documents\LPCXpresso_4.2.3_292\workspace\Lib_EaBaseBoard\Debug\libLib_EaBaseBoard.a(acc.o)
 .comment       0x00000000       0x2b C:\Users\Danijel\Documents\LPCXpresso_4.2.3_292\workspace\Lib_EaBaseBoard\Debug\libLib_EaBaseBoard.a(oled.o)
 .comment       0x00000000       0x2b C:\Users\Danijel\Documents\LPCXpresso_4.2.3_292\workspace\Lib_EaBaseBoard\Debug\libLib_EaBaseBoard.a(font5x7.o)
 .comment       0x00000000       0x2b c:/nxp/lpcxpresso_4.2.3_292/lpcxpresso/tools/bin/../lib/gcc/arm-none-eabi/4.5.1/../../../../arm-none-eabi/lib/thumb2\libcr_c.a(__weak__main.o)
 .comment       0x00000000       0x2b c:/nxp/lpcxpresso_4.2.3_292/lpcxpresso/tools/bin/../lib/gcc/arm-none-eabi/4.5.1/../../../../arm-none-eabi/lib/thumb2\libcr_c.a(stdlib.o)
 .comment       0x00000000       0x2b c:/nxp/lpcxpresso_4.2.3_292/lpcxpresso/tools/bin/../lib/gcc/arm-none-eabi/4.5.1/../../../../arm-none-eabi/lib/thumb2\libcr_c.a(memset.o)
 .comment       0x00000000       0x2b c:/nxp/lpcxpresso_4.2.3_292/lpcxpresso/tools/bin/../lib/gcc/arm-none-eabi/4.5.1/../../../../arm-none-eabi/lib/thumb2\libcr_c.a(initio.o)
 .comment       0x00000000       0x2b c:/nxp/lpcxpresso_4.2.3_292/lpcxpresso/tools/bin/../lib/gcc/arm-none-eabi/4.5.1/../../../../arm-none-eabi/lib/thumb2\libcr_c.a(raise.o)
 .comment       0x00000000       0x2b c:/nxp/lpcxpresso_4.2.3_292/lpcxpresso/tools/bin/../lib/gcc/arm-none-eabi/4.5.1/../../../../arm-none-eabi/lib/thumb2\libcr_c.a(setvbuf.o)
 .comment       0x00000000       0x2b c:/nxp/lpcxpresso_4.2.3_292/lpcxpresso/tools/bin/../lib/gcc/arm-none-eabi/4.5.1/../../../../arm-none-eabi/lib/thumb2\libcr_c.a(stdio.o)
 .comment       0x00000000       0x2b c:/nxp/lpcxpresso_4.2.3_292/lpcxpresso/tools/bin/../lib/gcc/arm-none-eabi/4.5.1/../../../../arm-none-eabi/lib/thumb2\libcr_c.a(__fillbuf.o)
 .comment       0x00000000       0x2b c:/nxp/lpcxpresso_4.2.3_292/lpcxpresso/tools/bin/../lib/gcc/arm-none-eabi/4.5.1/../../../../arm-none-eabi/lib/thumb2\libcr_c.a(_deferredlazyseek.o)
 .comment       0x00000000       0x2b c:/nxp/lpcxpresso_4.2.3_292/lpcxpresso/tools/bin/../lib/gcc/arm-none-eabi/4.5.1/../../../../arm-none-eabi/lib/thumb2\libcr_c.a(_fdopen.o)
 .comment       0x00000000       0x2b c:/nxp/lpcxpresso_4.2.3_292/lpcxpresso/tools/bin/../lib/gcc/arm-none-eabi/4.5.1/../../../../arm-none-eabi/lib/thumb2\libcr_c.a(_fflush.o)
 .comment       0x00000000       0x2b c:/nxp/lpcxpresso_4.2.3_292/lpcxpresso/tools/bin/../lib/gcc/arm-none-eabi/4.5.1/../../../../arm-none-eabi/lib/thumb2\libcr_c.a(_writebuf.o)
 .comment       0x00000000       0x2b c:/nxp/lpcxpresso_4.2.3_292/lpcxpresso/tools/bin/../lib/gcc/arm-none-eabi/4.5.1/../../../../arm-none-eabi/lib/thumb2\libcr_c.a(alloc.o)
 .comment       0x00000000       0x2b c:/nxp/lpcxpresso_4.2.3_292/lpcxpresso/tools/bin/../lib/gcc/arm-none-eabi/4.5.1/../../../../arm-none-eabi/lib/thumb2\libcr_c.a(fclose.o)
 .comment       0x00000000       0x2b c:/nxp/lpcxpresso_4.2.3_292/lpcxpresso/tools/bin/../lib/gcc/arm-none-eabi/4.5.1/../../../../arm-none-eabi/lib/thumb2\libcr_c.a(fflush.o)
 .comment       0x00000000       0x2b c:/nxp/lpcxpresso_4.2.3_292/lpcxpresso/tools/bin/../lib/gcc/arm-none-eabi/4.5.1/../../../../arm-none-eabi/lib/thumb2\libcr_c.a(fseek.o)
 .comment       0x00000000       0x2b c:/nxp/lpcxpresso_4.2.3_292/lpcxpresso/tools/bin/../lib/gcc/arm-none-eabi/4.5.1/../../../../arm-none-eabi/lib/thumb2\libcr_c.a(ftell.o)
 .comment       0x00000000       0x2b c:/nxp/lpcxpresso_4.2.3_292/lpcxpresso/tools/bin/../lib/gcc/arm-none-eabi/4.5.1/../../../../arm-none-eabi/lib/thumb2\libcr_c.a(remove.o)
 .comment       0x00000000       0x2b c:/nxp/lpcxpresso_4.2.3_292/lpcxpresso/tools/bin/../lib/gcc/arm-none-eabi/4.5.1/../../../../arm-none-eabi/lib/thumb2\libcr_c.a(strlen.o)
 .comment       0x00000000       0x2b c:/nxp/lpcxpresso_4.2.3_292/lpcxpresso/tools/bin/../lib/gcc/arm-none-eabi/4.5.1/../../../../arm-none-eabi/lib/thumb2\libcr_c.a(memcpy.o)
 .comment       0x00000000       0x2b c:/nxp/lpcxpresso_4.2.3_292/lpcxpresso/tools/bin/../lib/gcc/arm-none-eabi/4.5.1/../../../../arm-none-eabi/lib/thumb2\libcr_c.a(__init_alloc.o)
 .comment       0x00000000       0x2b c:/nxp/lpcxpresso_4.2.3_292/lpcxpresso/tools/bin/../lib/gcc/arm-none-eabi/4.5.1/../../../../arm-none-eabi/lib/thumb2\libcr_c.a(_do_fflush.o)
 .comment       0x00000000       0x2b c:/nxp/lpcxpresso_4.2.3_292/lpcxpresso/tools/bin/../lib/gcc/arm-none-eabi/4.5.1/../../../../arm-none-eabi/lib/thumb2\libcr_c.a(errno.o)

.ARM.attributes
                0x00000000       0x2f
 .ARM.attributes
                0x00000000       0x31 ./src/cr_startup_lpc13.o
 .ARM.attributes
                0x00000031       0x31 ./src/main.o
 .ARM.attributes
                0x00000062       0x31 C:\Users\Danijel\Documents\LPCXpresso_4.2.3_292\workspace\CMSISv2p00_LPC13xx\Release\libCMSISv2p00_LPC13xx.a(system_LPC13xx.o)
 .ARM.attributes
                0x00000093       0x31 C:\Users\Danijel\Documents\LPCXpresso_4.2.3_292\workspace\Lib_MCU\Debug\libLib_MCU.a(gpio.o)
 .ARM.attributes
                0x000000c4       0x31 C:\Users\Danijel\Documents\LPCXpresso_4.2.3_292\workspace\Lib_MCU\Debug\libLib_MCU.a(i2c.o)
 .ARM.attributes
                0x000000f5       0x31 C:\Users\Danijel\Documents\LPCXpresso_4.2.3_292\workspace\Lib_MCU\Debug\libLib_MCU.a(ssp.o)
 .ARM.attributes
                0x00000126       0x31 C:\Users\Danijel\Documents\LPCXpresso_4.2.3_292\workspace\Lib_MCU\Debug\libLib_MCU.a(timer32.o)
 .ARM.attributes
                0x00000157       0x31 C:\Users\Danijel\Documents\LPCXpresso_4.2.3_292\workspace\Lib_EaBaseBoard\Debug\libLib_EaBaseBoard.a(acc.o)
 .ARM.attributes
                0x00000188       0x31 C:\Users\Danijel\Documents\LPCXpresso_4.2.3_292\workspace\Lib_EaBaseBoard\Debug\libLib_EaBaseBoard.a(oled.o)
 .ARM.attributes
                0x000001b9       0x31 C:\Users\Danijel\Documents\LPCXpresso_4.2.3_292\workspace\Lib_EaBaseBoard\Debug\libLib_EaBaseBoard.a(font5x7.o)
 .ARM.attributes
                0x000001ea       0x31 c:/nxp/lpcxpresso_4.2.3_292/lpcxpresso/tools/bin/../lib/gcc/arm-none-eabi/4.5.1/../../../../arm-none-eabi/lib/thumb2\libcr_c.a(__weak__main.o)
 .ARM.attributes
                0x0000021b       0x31 c:/nxp/lpcxpresso_4.2.3_292/lpcxpresso/tools/bin/../lib/gcc/arm-none-eabi/4.5.1/../../../../arm-none-eabi/lib/thumb2\libcr_c.a(stdlib.o)
 .ARM.attributes
                0x0000024c       0x31 c:/nxp/lpcxpresso_4.2.3_292/lpcxpresso/tools/bin/../lib/gcc/arm-none-eabi/4.5.1/../../../../arm-none-eabi/lib/thumb2\libcr_c.a(memset.o)
 .ARM.attributes
                0x0000027d       0x31 c:/nxp/lpcxpresso_4.2.3_292/lpcxpresso/tools/bin/../lib/gcc/arm-none-eabi/4.5.1/../../../../arm-none-eabi/lib/thumb2\libcr_c.a(initio.o)
 .ARM.attributes
                0x000002ae       0x31 c:/nxp/lpcxpresso_4.2.3_292/lpcxpresso/tools/bin/../lib/gcc/arm-none-eabi/4.5.1/../../../../arm-none-eabi/lib/thumb2\libcr_c.a(raise.o)
 .ARM.attributes
                0x000002df       0x31 c:/nxp/lpcxpresso_4.2.3_292/lpcxpresso/tools/bin/../lib/gcc/arm-none-eabi/4.5.1/../../../../arm-none-eabi/lib/thumb2\libcr_c.a(setvbuf.o)
 .ARM.attributes
                0x00000310       0x31 c:/nxp/lpcxpresso_4.2.3_292/lpcxpresso/tools/bin/../lib/gcc/arm-none-eabi/4.5.1/../../../../arm-none-eabi/lib/thumb2\libcr_c.a(stdio.o)
 .ARM.attributes
                0x00000341       0x31 c:/nxp/lpcxpresso_4.2.3_292/lpcxpresso/tools/bin/../lib/gcc/arm-none-eabi/4.5.1/../../../../arm-none-eabi/lib/thumb2\libcr_c.a(__fillbuf.o)
 .ARM.attributes
                0x00000372       0x31 c:/nxp/lpcxpresso_4.2.3_292/lpcxpresso/tools/bin/../lib/gcc/arm-none-eabi/4.5.1/../../../../arm-none-eabi/lib/thumb2\libcr_c.a(_deferredlazyseek.o)
 .ARM.attributes
                0x000003a3       0x31 c:/nxp/lpcxpresso_4.2.3_292/lpcxpresso/tools/bin/../lib/gcc/arm-none-eabi/4.5.1/../../../../arm-none-eabi/lib/thumb2\libcr_c.a(_fdopen.o)
 .ARM.attributes
                0x000003d4       0x31 c:/nxp/lpcxpresso_4.2.3_292/lpcxpresso/tools/bin/../lib/gcc/arm-none-eabi/4.5.1/../../../../arm-none-eabi/lib/thumb2\libcr_c.a(_fflush.o)
 .ARM.attributes
                0x00000405       0x31 c:/nxp/lpcxpresso_4.2.3_292/lpcxpresso/tools/bin/../lib/gcc/arm-none-eabi/4.5.1/../../../../arm-none-eabi/lib/thumb2\libcr_c.a(_writebuf.o)
 .ARM.attributes
                0x00000436       0x31 c:/nxp/lpcxpresso_4.2.3_292/lpcxpresso/tools/bin/../lib/gcc/arm-none-eabi/4.5.1/../../../../arm-none-eabi/lib/thumb2\libcr_c.a(alloc.o)
 .ARM.attributes
                0x00000467       0x31 c:/nxp/lpcxpresso_4.2.3_292/lpcxpresso/tools/bin/../lib/gcc/arm-none-eabi/4.5.1/../../../../arm-none-eabi/lib/thumb2\libcr_c.a(fclose.o)
 .ARM.attributes
                0x00000498       0x31 c:/nxp/lpcxpresso_4.2.3_292/lpcxpresso/tools/bin/../lib/gcc/arm-none-eabi/4.5.1/../../../../arm-none-eabi/lib/thumb2\libcr_c.a(fflush.o)
 .ARM.attributes
                0x000004c9       0x31 c:/nxp/lpcxpresso_4.2.3_292/lpcxpresso/tools/bin/../lib/gcc/arm-none-eabi/4.5.1/../../../../arm-none-eabi/lib/thumb2\libcr_c.a(fseek.o)
 .ARM.attributes
                0x000004fa       0x31 c:/nxp/lpcxpresso_4.2.3_292/lpcxpresso/tools/bin/../lib/gcc/arm-none-eabi/4.5.1/../../../../arm-none-eabi/lib/thumb2\libcr_c.a(ftell.o)
 .ARM.attributes
                0x0000052b       0x31 c:/nxp/lpcxpresso_4.2.3_292/lpcxpresso/tools/bin/../lib/gcc/arm-none-eabi/4.5.1/../../../../arm-none-eabi/lib/thumb2\libcr_c.a(remove.o)
 .ARM.attributes
                0x0000055c       0x31 c:/nxp/lpcxpresso_4.2.3_292/lpcxpresso/tools/bin/../lib/gcc/arm-none-eabi/4.5.1/../../../../arm-none-eabi/lib/thumb2\libcr_c.a(strlen.o)
 .ARM.attributes
                0x0000058d       0x31 c:/nxp/lpcxpresso_4.2.3_292/lpcxpresso/tools/bin/../lib/gcc/arm-none-eabi/4.5.1/../../../../arm-none-eabi/lib/thumb2\libcr_c.a(memcpy.o)
 .ARM.attributes
                0x000005be       0x31 c:/nxp/lpcxpresso_4.2.3_292/lpcxpresso/tools/bin/../lib/gcc/arm-none-eabi/4.5.1/../../../../arm-none-eabi/lib/thumb2\libcr_c.a(__init_alloc.o)
 .ARM.attributes
                0x000005ef       0x31 c:/nxp/lpcxpresso_4.2.3_292/lpcxpresso/tools/bin/../lib/gcc/arm-none-eabi/4.5.1/../../../../arm-none-eabi/lib/thumb2\libcr_c.a(_do_fflush.o)
 .ARM.attributes
                0x00000620       0x31 c:/nxp/lpcxpresso_4.2.3_292/lpcxpresso/tools/bin/../lib/gcc/arm-none-eabi/4.5.1/../../../../arm-none-eabi/lib/thumb2\libcr_c.a(errno.o)
 .ARM.attributes
                0x00000651       0x21 c:/nxp/lpcxpresso_4.2.3_292/lpcxpresso/tools/bin/../lib/gcc/arm-none-eabi/4.5.1/thumb2\libcr_eabihelpers.a(memcpy.o)

.debug_frame    0x00000000      0x86c
 .debug_frame   0x00000000       0xf0 ./src/cr_startup_lpc13.o
 .debug_frame   0x000000f0       0xdc ./src/main.o
 .debug_frame   0x000001cc       0x30 C:\Users\Danijel\Documents\LPCXpresso_4.2.3_292\workspace\CMSISv2p00_LPC13xx\Release\libCMSISv2p00_LPC13xx.a(system_LPC13xx.o)
 .debug_frame   0x000001fc      0x128 C:\Users\Danijel\Documents\LPCXpresso_4.2.3_292\workspace\Lib_MCU\Debug\libLib_MCU.a(gpio.o)
 .debug_frame   0x00000324       0xf8 C:\Users\Danijel\Documents\LPCXpresso_4.2.3_292\workspace\Lib_MCU\Debug\libLib_MCU.a(i2c.o)
 .debug_frame   0x0000041c       0xa0 C:\Users\Danijel\Documents\LPCXpresso_4.2.3_292\workspace\Lib_MCU\Debug\libLib_MCU.a(ssp.o)
 .debug_frame   0x000004bc       0xd8 C:\Users\Danijel\Documents\LPCXpresso_4.2.3_292\workspace\Lib_MCU\Debug\libLib_MCU.a(timer32.o)
 .debug_frame   0x00000594       0xec C:\Users\Danijel\Documents\LPCXpresso_4.2.3_292\workspace\Lib_EaBaseBoard\Debug\libLib_EaBaseBoard.a(acc.o)
 .debug_frame   0x00000680      0x1ec C:\Users\Danijel\Documents\LPCXpresso_4.2.3_292\workspace\Lib_EaBaseBoard\Debug\libLib_EaBaseBoard.a(oled.o)
